---
fsub_b13:
  config:
  - check ISA:=regex(.*I.*F.*Zfh.*)
  mnemonics:
    fsub.h: 199
    coverage: 1/1
  op_comb:
    rs1 != rs2  and rs1 != rd and rs2 != rd: 195
    rs1 == rd != rs2: 1
    rs1 == rs2 != rd: 1
    rs1 == rs2 == rd: 1
    rs2 == rd != rs1: 1
    coverage: 5/5
  rd:
    f0: 1
    f1: 1
    f10: 1
    f11: 1
    f12: 1
    f13: 1
    f14: 1
    f15: 1
    f16: 1
    f17: 1
    f18: 1
    f19: 1
    f2: 1
    f20: 1
    f21: 1
    f22: 1
    f23: 1
    f24: 1
    f25: 1
    f26: 1
    f27: 1
    f28: 1
    f29: 1
    f3: 1
    f30: 1
    f31: 168
    f4: 1
    f5: 1
    f6: 1
    f7: 1
    f8: 1
    f9: 1
    coverage: 32/32
  rs1:
    f0: 1
    f1: 1
    f10: 1
    f11: 1
    f12: 1
    f13: 1
    f14: 1
    f15: 1
    f16: 1
    f17: 1
    f18: 1
    f19: 1
    f2: 1
    f20: 1
    f21: 1
    f22: 1
    f23: 1
    f24: 1
    f25: 1
    f26: 1
    f27: 1
    f28: 1
    f29: 1
    f3: 1
    f30: 167
    f31: 2
    f4: 1
    f5: 1
    f6: 1
    f7: 1
    f8: 1
    f9: 1
    coverage: 32/32
  rs2:
    f0: 1
    f1: 1
    f10: 1
    f11: 1
    f12: 1
    f13: 1
    f14: 1
    f15: 1
    f16: 1
    f17: 1
    f18: 1
    f19: 1
    f2: 1
    f20: 1
    f21: 1
    f22: 1
    f23: 1
    f24: 1
    f25: 1
    f26: 1
    f27: 1
    f28: 1
    f29: 166
    f3: 1
    f30: 3
    f31: 1
    f4: 1
    f5: 1
    f6: 1
    f7: 1
    f8: 1
    f9: 1
    coverage: 32/32
  val_comb:
    ? 'fs1 == 0 and fe1 == 0x1c and fm1 == 0x04c and fs2 == 0 and fe2 == 0x1c and
      fm2 == 0x04c and  fcsr == 0x0 and rm_val == 7  and rs1_nan_prefix == 0xffff
      and rs2_nan_prefix == 0xffff  #nosat'
    : 1
    ? 'fs1 == 0 and fe1 == 0x1e and fm1 == 0x21b and fs2 == 0 and fe2 == 0x1e and
      fm2 == 0x21b and  fcsr == 0x0 and rm_val == 7  and rs1_nan_prefix == 0xffff
      and rs2_nan_prefix == 0xffff  #nosat'
    : 2
    ? 'fs1 == 0 and fe1 == 0x1d and fm1 == 0x3ec and fs2 == 0 and fe2 == 0x1d and
      fm2 == 0x3ec and  fcsr == 0x0 and rm_val == 7  and rs1_nan_prefix == 0xffff
      and rs2_nan_prefix == 0xffff  #nosat'
    : 1
    ? 'fs1 == 0 and fe1 == 0x1e and fm1 == 0x135 and fs2 == 0 and fe2 == 0x1e and
      fm2 == 0x135 and  fcsr == 0x0 and rm_val == 7  and rs1_nan_prefix == 0xffff
      and rs2_nan_prefix == 0xffff  #nosat'
    : 1
    ? 'fs1 == 0 and fe1 == 0x1b and fm1 == 0x201 and fs2 == 0 and fe2 == 0x1b and
      fm2 == 0x201 and  fcsr == 0x0 and rm_val == 7  and rs1_nan_prefix == 0xffff
      and rs2_nan_prefix == 0xffff  #nosat'
    : 2
    ? 'fs1 == 0 and fe1 == 0x1e and fm1 == 0x2ae and fs2 == 0 and fe2 == 0x1e and
      fm2 == 0x2ae and  fcsr == 0x0 and rm_val == 7  and rs1_nan_prefix == 0xffff
      and rs2_nan_prefix == 0xffff  #nosat'
    : 1
    ? 'fs1 == 0 and fe1 == 0x1e and fm1 == 0x218 and fs2 == 0 and fe2 == 0x1e and
      fm2 == 0x218 and  fcsr == 0x0 and rm_val == 7  and rs1_nan_prefix == 0xffff
      and rs2_nan_prefix == 0xffff  #nosat'
    : 1
    ? 'fs1 == 0 and fe1 == 0x1d and fm1 == 0x31f and fs2 == 0 and fe2 == 0x1d and
      fm2 == 0x31f and  fcsr == 0x0 and rm_val == 7  and rs1_nan_prefix == 0xffff
      and rs2_nan_prefix == 0xffff  #nosat'
    : 1
    ? 'fs1 == 0 and fe1 == 0x1c and fm1 == 0x351 and fs2 == 0 and fe2 == 0x1c and
      fm2 == 0x351 and  fcsr == 0x0 and rm_val == 7  and rs1_nan_prefix == 0xffff
      and rs2_nan_prefix == 0xffff  #nosat'
    : 1
    ? 'fs1 == 0 and fe1 == 0x1e and fm1 == 0x335 and fs2 == 0 and fe2 == 0x1e and
      fm2 == 0x335 and  fcsr == 0x0 and rm_val == 7  and rs1_nan_prefix == 0xffff
      and rs2_nan_prefix == 0xffff  #nosat'
    : 1
    ? 'fs1 == 0 and fe1 == 0x19 and fm1 == 0x282 and fs2 == 0 and fe2 == 0x19 and
      fm2 == 0x282 and  fcsr == 0x0 and rm_val == 7  and rs1_nan_prefix == 0xffff
      and rs2_nan_prefix == 0xffff  #nosat'
    : 1
    ? 'fs1 == 0 and fe1 == 0x1e and fm1 == 0x382 and fs2 == 0 and fe2 == 0x1e and
      fm2 == 0x382 and  fcsr == 0x0 and rm_val == 7  and rs1_nan_prefix == 0xffff
      and rs2_nan_prefix == 0xffff  #nosat'
    : 1
    ? 'fs1 == 0 and fe1 == 0x1c and fm1 == 0x2ed and fs2 == 0 and fe2 == 0x1c and
      fm2 == 0x2ed and  fcsr == 0x0 and rm_val == 7  and rs1_nan_prefix == 0xffff
      and rs2_nan_prefix == 0xffff  #nosat'
    : 1
    ? 'fs1 == 0 and fe1 == 0x19 and fm1 == 0x36e and fs2 == 0 and fe2 == 0x19 and
      fm2 == 0x36e and  fcsr == 0x0 and rm_val == 7  and rs1_nan_prefix == 0xffff
      and rs2_nan_prefix == 0xffff  #nosat'
    : 1
    ? 'fs1 == 0 and fe1 == 0x1d and fm1 == 0x300 and fs2 == 0 and fe2 == 0x1d and
      fm2 == 0x300 and  fcsr == 0x0 and rm_val == 7  and rs1_nan_prefix == 0xffff
      and rs2_nan_prefix == 0xffff  #nosat'
    : 1
    ? 'fs1 == 0 and fe1 == 0x1c and fm1 == 0x374 and fs2 == 0 and fe2 == 0x1c and
      fm2 == 0x374 and  fcsr == 0x0 and rm_val == 7  and rs1_nan_prefix == 0xffff
      and rs2_nan_prefix == 0xffff  #nosat'
    : 1
    ? 'fs1 == 0 and fe1 == 0x1c and fm1 == 0x2ff and fs2 == 0 and fe2 == 0x1c and
      fm2 == 0x2ff and  fcsr == 0x0 and rm_val == 7  and rs1_nan_prefix == 0xffff
      and rs2_nan_prefix == 0xffff  #nosat'
    : 1
    ? 'fs1 == 0 and fe1 == 0x1d and fm1 == 0x0a2 and fs2 == 0 and fe2 == 0x1d and
      fm2 == 0x0a2 and  fcsr == 0x0 and rm_val == 7  and rs1_nan_prefix == 0xffff
      and rs2_nan_prefix == 0xffff  #nosat'
    : 1
    ? 'fs1 == 0 and fe1 == 0x1e and fm1 == 0x2b2 and fs2 == 0 and fe2 == 0x1e and
      fm2 == 0x2b2 and  fcsr == 0x0 and rm_val == 7  and rs1_nan_prefix == 0xffff
      and rs2_nan_prefix == 0xffff  #nosat'
    : 1
    ? 'fs1 == 0 and fe1 == 0x1e and fm1 == 0x122 and fs2 == 0 and fe2 == 0x1e and
      fm2 == 0x122 and  fcsr == 0x0 and rm_val == 7  and rs1_nan_prefix == 0xffff
      and rs2_nan_prefix == 0xffff  #nosat'
    : 1
    ? 'fs1 == 0 and fe1 == 0x1e and fm1 == 0x3ef and fs2 == 0 and fe2 == 0x1e and
      fm2 == 0x3ef and  fcsr == 0x0 and rm_val == 7  and rs1_nan_prefix == 0xffff
      and rs2_nan_prefix == 0xffff  #nosat'
    : 1
    ? 'fs1 == 0 and fe1 == 0x1b and fm1 == 0x3bb and fs2 == 0 and fe2 == 0x1b and
      fm2 == 0x3bb and  fcsr == 0x0 and rm_val == 7  and rs1_nan_prefix == 0xffff
      and rs2_nan_prefix == 0xffff  #nosat'
    : 1
    ? 'fs1 == 0 and fe1 == 0x1e and fm1 == 0x1c4 and fs2 == 0 and fe2 == 0x1e and
      fm2 == 0x1c4 and  fcsr == 0x0 and rm_val == 7  and rs1_nan_prefix == 0xffff
      and rs2_nan_prefix == 0xffff  #nosat'
    : 1
    ? 'fs1 == 0 and fe1 == 0x1e and fm1 == 0x37c and fs2 == 0 and fe2 == 0x1e and
      fm2 == 0x37c and  fcsr == 0x0 and rm_val == 7  and rs1_nan_prefix == 0xffff
      and rs2_nan_prefix == 0xffff  #nosat'
    : 1
    ? 'fs1 == 0 and fe1 == 0x1e and fm1 == 0x2a3 and fs2 == 0 and fe2 == 0x1e and
      fm2 == 0x2a3 and  fcsr == 0x0 and rm_val == 7  and rs1_nan_prefix == 0xffff
      and rs2_nan_prefix == 0xffff  #nosat'
    : 1
    ? 'fs1 == 0 and fe1 == 0x1d and fm1 == 0x0d9 and fs2 == 0 and fe2 == 0x1d and
      fm2 == 0x0d9 and  fcsr == 0x0 and rm_val == 7  and rs1_nan_prefix == 0xffff
      and rs2_nan_prefix == 0xffff  #nosat'
    : 1
    ? 'fs1 == 0 and fe1 == 0x1e and fm1 == 0x30e and fs2 == 0 and fe2 == 0x1e and
      fm2 == 0x30e and  fcsr == 0x0 and rm_val == 7  and rs1_nan_prefix == 0xffff
      and rs2_nan_prefix == 0xffff  #nosat'
    : 1
    ? 'fs1 == 0 and fe1 == 0x1e and fm1 == 0x00a and fs2 == 0 and fe2 == 0x1e and
      fm2 == 0x00a and  fcsr == 0x0 and rm_val == 7  and rs1_nan_prefix == 0xffff
      and rs2_nan_prefix == 0xffff  #nosat'
    : 1
    ? 'fs1 == 0 and fe1 == 0x1a and fm1 == 0x06a and fs2 == 0 and fe2 == 0x1a and
      fm2 == 0x06a and  fcsr == 0x0 and rm_val == 7  and rs1_nan_prefix == 0xffff
      and rs2_nan_prefix == 0xffff  #nosat'
    : 1
    ? 'fs1 == 0 and fe1 == 0x1e and fm1 == 0x260 and fs2 == 0 and fe2 == 0x1e and
      fm2 == 0x260 and  fcsr == 0x0 and rm_val == 7  and rs1_nan_prefix == 0xffff
      and rs2_nan_prefix == 0xffff  #nosat'
    : 1
    ? 'fs1 == 0 and fe1 == 0x1c and fm1 == 0x188 and fs2 == 0 and fe2 == 0x1c and
      fm2 == 0x188 and  fcsr == 0x0 and rm_val == 7  and rs1_nan_prefix == 0xffff
      and rs2_nan_prefix == 0xffff  #nosat'
    : 1
    ? 'fs1 == 0 and fe1 == 0x1e and fm1 == 0x19f and fs2 == 0 and fe2 == 0x1e and
      fm2 == 0x19f and  fcsr == 0x0 and rm_val == 7  and rs1_nan_prefix == 0xffff
      and rs2_nan_prefix == 0xffff  #nosat'
    : 1
    ? 'fs1 == 0 and fe1 == 0x1d and fm1 == 0x1fe and fs2 == 0 and fe2 == 0x1d and
      fm2 == 0x1fe and  fcsr == 0x0 and rm_val == 7  and rs1_nan_prefix == 0xffff
      and rs2_nan_prefix == 0xffff  #nosat'
    : 1
    ? 'fs1 == 0 and fe1 == 0x1e and fm1 == 0x010 and fs2 == 0 and fe2 == 0x1e and
      fm2 == 0x010 and  fcsr == 0x0 and rm_val == 7  and rs1_nan_prefix == 0xffff
      and rs2_nan_prefix == 0xffff  #nosat'
    : 1
    ? 'fs1 == 0 and fe1 == 0x1e and fm1 == 0x02a and fs2 == 0 and fe2 == 0x1e and
      fm2 == 0x02a and  fcsr == 0x0 and rm_val == 7  and rs1_nan_prefix == 0xffff
      and rs2_nan_prefix == 0xffff  #nosat'
    : 1
    ? 'fs1 == 0 and fe1 == 0x1d and fm1 == 0x3d4 and fs2 == 0 and fe2 == 0x1d and
      fm2 == 0x3d4 and  fcsr == 0x0 and rm_val == 7  and rs1_nan_prefix == 0xffff
      and rs2_nan_prefix == 0xffff  #nosat'
    : 1
    ? 'fs1 == 0 and fe1 == 0x1a and fm1 == 0x190 and fs2 == 0 and fe2 == 0x1a and
      fm2 == 0x190 and  fcsr == 0x0 and rm_val == 7  and rs1_nan_prefix == 0xffff
      and rs2_nan_prefix == 0xffff  #nosat'
    : 1
    ? 'fs1 == 0 and fe1 == 0x1e and fm1 == 0x3dc and fs2 == 0 and fe2 == 0x1e and
      fm2 == 0x3dc and  fcsr == 0x0 and rm_val == 7  and rs1_nan_prefix == 0xffff
      and rs2_nan_prefix == 0xffff  #nosat'
    : 1
    ? 'fs1 == 0 and fe1 == 0x1d and fm1 == 0x24b and fs2 == 0 and fe2 == 0x1d and
      fm2 == 0x24b and  fcsr == 0x0 and rm_val == 7  and rs1_nan_prefix == 0xffff
      and rs2_nan_prefix == 0xffff  #nosat'
    : 1
    ? 'fs1 == 0 and fe1 == 0x1e and fm1 == 0x004 and fs2 == 0 and fe2 == 0x1e and
      fm2 == 0x004 and  fcsr == 0x0 and rm_val == 7  and rs1_nan_prefix == 0xffff
      and rs2_nan_prefix == 0xffff  #nosat'
    : 1
    ? 'fs1 == 0 and fe1 == 0x1e and fm1 == 0x229 and fs2 == 0 and fe2 == 0x1e and
      fm2 == 0x229 and  fcsr == 0x0 and rm_val == 7  and rs1_nan_prefix == 0xffff
      and rs2_nan_prefix == 0xffff  #nosat'
    : 1
    ? 'fs1 == 0 and fe1 == 0x1e and fm1 == 0x2e1 and fs2 == 0 and fe2 == 0x1e and
      fm2 == 0x2e1 and  fcsr == 0x0 and rm_val == 7  and rs1_nan_prefix == 0xffff
      and rs2_nan_prefix == 0xffff  #nosat'
    : 1
    ? 'fs1 == 0 and fe1 == 0x1e and fm1 == 0x01b and fs2 == 0 and fe2 == 0x1e and
      fm2 == 0x01b and  fcsr == 0x0 and rm_val == 7  and rs1_nan_prefix == 0xffff
      and rs2_nan_prefix == 0xffff  #nosat'
    : 1
    ? 'fs1 == 0 and fe1 == 0x1e and fm1 == 0x09e and fs2 == 0 and fe2 == 0x1e and
      fm2 == 0x09e and  fcsr == 0x0 and rm_val == 7  and rs1_nan_prefix == 0xffff
      and rs2_nan_prefix == 0xffff  #nosat'
    : 1
    ? 'fs1 == 0 and fe1 == 0x1d and fm1 == 0x04e and fs2 == 0 and fe2 == 0x1d and
      fm2 == 0x04e and  fcsr == 0x0 and rm_val == 7  and rs1_nan_prefix == 0xffff
      and rs2_nan_prefix == 0xffff  #nosat'
    : 1
    ? 'fs1 == 0 and fe1 == 0x1e and fm1 == 0x3a7 and fs2 == 0 and fe2 == 0x1e and
      fm2 == 0x3a7 and  fcsr == 0x0 and rm_val == 7  and rs1_nan_prefix == 0xffff
      and rs2_nan_prefix == 0xffff  #nosat'
    : 1
    ? 'fs1 == 0 and fe1 == 0x1e and fm1 == 0x244 and fs2 == 0 and fe2 == 0x1e and
      fm2 == 0x244 and  fcsr == 0x0 and rm_val == 7  and rs1_nan_prefix == 0xffff
      and rs2_nan_prefix == 0xffff  #nosat'
    : 1
    ? 'fs1 == 0 and fe1 == 0x1e and fm1 == 0x316 and fs2 == 0 and fe2 == 0x1e and
      fm2 == 0x316 and  fcsr == 0x0 and rm_val == 7  and rs1_nan_prefix == 0xffff
      and rs2_nan_prefix == 0xffff  #nosat'
    : 1
    ? 'fs1 == 0 and fe1 == 0x1e and fm1 == 0x278 and fs2 == 0 and fe2 == 0x1e and
      fm2 == 0x278 and  fcsr == 0x0 and rm_val == 7  and rs1_nan_prefix == 0xffff
      and rs2_nan_prefix == 0xffff  #nosat'
    : 1
    ? 'fs1 == 0 and fe1 == 0x1e and fm1 == 0x07d and fs2 == 0 and fe2 == 0x1e and
      fm2 == 0x07d and  fcsr == 0x0 and rm_val == 7  and rs1_nan_prefix == 0xffff
      and rs2_nan_prefix == 0xffff  #nosat'
    : 1
    ? 'fs1 == 0 and fe1 == 0x1a and fm1 == 0x32e and fs2 == 0 and fe2 == 0x1a and
      fm2 == 0x32e and  fcsr == 0x0 and rm_val == 7  and rs1_nan_prefix == 0xffff
      and rs2_nan_prefix == 0xffff  #nosat'
    : 1
    ? 'fs1 == 0 and fe1 == 0x1e and fm1 == 0x08e and fs2 == 0 and fe2 == 0x1e and
      fm2 == 0x08e and  fcsr == 0x0 and rm_val == 7  and rs1_nan_prefix == 0xffff
      and rs2_nan_prefix == 0xffff  #nosat'
    : 1
    ? 'fs1 == 0 and fe1 == 0x1e and fm1 == 0x009 and fs2 == 0 and fe2 == 0x1e and
      fm2 == 0x009 and  fcsr == 0x0 and rm_val == 7  and rs1_nan_prefix == 0xffff
      and rs2_nan_prefix == 0xffff  #nosat'
    : 1
    ? 'fs1 == 0 and fe1 == 0x1d and fm1 == 0x1b4 and fs2 == 0 and fe2 == 0x1d and
      fm2 == 0x1b4 and  fcsr == 0x0 and rm_val == 7  and rs1_nan_prefix == 0xffff
      and rs2_nan_prefix == 0xffff  #nosat'
    : 1
    ? 'fs1 == 0 and fe1 == 0x1e and fm1 == 0x04e and fs2 == 0 and fe2 == 0x1e and
      fm2 == 0x04e and  fcsr == 0x0 and rm_val == 7  and rs1_nan_prefix == 0xffff
      and rs2_nan_prefix == 0xffff  #nosat'
    : 1
    ? 'fs1 == 0 and fe1 == 0x1e and fm1 == 0x0e5 and fs2 == 0 and fe2 == 0x1e and
      fm2 == 0x0e5 and  fcsr == 0x0 and rm_val == 7  and rs1_nan_prefix == 0xffff
      and rs2_nan_prefix == 0xffff  #nosat'
    : 1
    ? 'fs1 == 0 and fe1 == 0x19 and fm1 == 0x328 and fs2 == 0 and fe2 == 0x19 and
      fm2 == 0x328 and  fcsr == 0x0 and rm_val == 7  and rs1_nan_prefix == 0xffff
      and rs2_nan_prefix == 0xffff  #nosat'
    : 1
    ? 'fs1 == 0 and fe1 == 0x1c and fm1 == 0x1ab and fs2 == 0 and fe2 == 0x1c and
      fm2 == 0x1ab and  fcsr == 0x0 and rm_val == 7  and rs1_nan_prefix == 0xffff
      and rs2_nan_prefix == 0xffff  #nosat'
    : 1
    ? 'fs1 == 0 and fe1 == 0x1e and fm1 == 0x2e2 and fs2 == 0 and fe2 == 0x1e and
      fm2 == 0x2e2 and  fcsr == 0x0 and rm_val == 7  and rs1_nan_prefix == 0xffff
      and rs2_nan_prefix == 0xffff  #nosat'
    : 1
    ? 'fs1 == 0 and fe1 == 0x1e and fm1 == 0x25f and fs2 == 0 and fe2 == 0x1e and
      fm2 == 0x25f and  fcsr == 0x0 and rm_val == 7  and rs1_nan_prefix == 0xffff
      and rs2_nan_prefix == 0xffff  #nosat'
    : 1
    ? 'fs1 == 0 and fe1 == 0x1d and fm1 == 0x015 and fs2 == 0 and fe2 == 0x1d and
      fm2 == 0x015 and  fcsr == 0x0 and rm_val == 7  and rs1_nan_prefix == 0xffff
      and rs2_nan_prefix == 0xffff  #nosat'
    : 1
    ? 'fs1 == 0 and fe1 == 0x1e and fm1 == 0x161 and fs2 == 0 and fe2 == 0x1e and
      fm2 == 0x161 and  fcsr == 0x0 and rm_val == 7  and rs1_nan_prefix == 0xffff
      and rs2_nan_prefix == 0xffff  #nosat'
    : 1
    ? 'fs1 == 0 and fe1 == 0x19 and fm1 == 0x045 and fs2 == 0 and fe2 == 0x19 and
      fm2 == 0x045 and  fcsr == 0x0 and rm_val == 7  and rs1_nan_prefix == 0xffff
      and rs2_nan_prefix == 0xffff  #nosat'
    : 1
    ? 'fs1 == 0 and fe1 == 0x1e and fm1 == 0x20a and fs2 == 0 and fe2 == 0x1e and
      fm2 == 0x20a and  fcsr == 0x0 and rm_val == 7  and rs1_nan_prefix == 0xffff
      and rs2_nan_prefix == 0xffff  #nosat'
    : 1
    ? 'fs1 == 0 and fe1 == 0x1b and fm1 == 0x300 and fs2 == 0 and fe2 == 0x1b and
      fm2 == 0x300 and  fcsr == 0x0 and rm_val == 7  and rs1_nan_prefix == 0xffff
      and rs2_nan_prefix == 0xffff  #nosat'
    : 1
    ? 'fs1 == 0 and fe1 == 0x1d and fm1 == 0x182 and fs2 == 0 and fe2 == 0x1d and
      fm2 == 0x182 and  fcsr == 0x0 and rm_val == 7  and rs1_nan_prefix == 0xffff
      and rs2_nan_prefix == 0xffff  #nosat'
    : 1
    ? 'fs1 == 0 and fe1 == 0x1c and fm1 == 0x11b and fs2 == 0 and fe2 == 0x1c and
      fm2 == 0x11b and  fcsr == 0x0 and rm_val == 7  and rs1_nan_prefix == 0xffff
      and rs2_nan_prefix == 0xffff  #nosat'
    : 1
    ? 'fs1 == 0 and fe1 == 0x1c and fm1 == 0x160 and fs2 == 0 and fe2 == 0x1c and
      fm2 == 0x160 and  fcsr == 0x0 and rm_val == 7  and rs1_nan_prefix == 0xffff
      and rs2_nan_prefix == 0xffff  #nosat'
    : 1
    ? 'fs1 == 0 and fe1 == 0x1e and fm1 == 0x1b0 and fs2 == 0 and fe2 == 0x1e and
      fm2 == 0x1b0 and  fcsr == 0x0 and rm_val == 7  and rs1_nan_prefix == 0xffff
      and rs2_nan_prefix == 0xffff  #nosat'
    : 1
    ? 'fs1 == 0 and fe1 == 0x1d and fm1 == 0x126 and fs2 == 0 and fe2 == 0x1d and
      fm2 == 0x126 and  fcsr == 0x0 and rm_val == 7  and rs1_nan_prefix == 0xffff
      and rs2_nan_prefix == 0xffff  #nosat'
    : 1
    ? 'fs1 == 0 and fe1 == 0x19 and fm1 == 0x20c and fs2 == 0 and fe2 == 0x19 and
      fm2 == 0x20c and  fcsr == 0x0 and rm_val == 7  and rs1_nan_prefix == 0xffff
      and rs2_nan_prefix == 0xffff  #nosat'
    : 1
    ? 'fs1 == 0 and fe1 == 0x1d and fm1 == 0x2bb and fs2 == 0 and fe2 == 0x1d and
      fm2 == 0x2bb and  fcsr == 0x0 and rm_val == 7  and rs1_nan_prefix == 0xffff
      and rs2_nan_prefix == 0xffff  #nosat'
    : 1
    ? 'fs1 == 0 and fe1 == 0x1b and fm1 == 0x2f5 and fs2 == 0 and fe2 == 0x1b and
      fm2 == 0x2f5 and  fcsr == 0x0 and rm_val == 7  and rs1_nan_prefix == 0xffff
      and rs2_nan_prefix == 0xffff  #nosat'
    : 1
    ? 'fs1 == 0 and fe1 == 0x1e and fm1 == 0x014 and fs2 == 0 and fe2 == 0x1e and
      fm2 == 0x014 and  fcsr == 0x0 and rm_val == 7  and rs1_nan_prefix == 0xffff
      and rs2_nan_prefix == 0xffff  #nosat'
    : 1
    ? 'fs1 == 0 and fe1 == 0x1e and fm1 == 0x0d7 and fs2 == 0 and fe2 == 0x1e and
      fm2 == 0x0d7 and  fcsr == 0x0 and rm_val == 7  and rs1_nan_prefix == 0xffff
      and rs2_nan_prefix == 0xffff  #nosat'
    : 1
    ? 'fs1 == 0 and fe1 == 0x19 and fm1 == 0x153 and fs2 == 0 and fe2 == 0x19 and
      fm2 == 0x153 and  fcsr == 0x0 and rm_val == 7  and rs1_nan_prefix == 0xffff
      and rs2_nan_prefix == 0xffff  #nosat'
    : 1
    ? 'fs1 == 0 and fe1 == 0x1c and fm1 == 0x0af and fs2 == 0 and fe2 == 0x1c and
      fm2 == 0x0af and  fcsr == 0x0 and rm_val == 7  and rs1_nan_prefix == 0xffff
      and rs2_nan_prefix == 0xffff  #nosat'
    : 1
    ? 'fs1 == 0 and fe1 == 0x1c and fm1 == 0x11f and fs2 == 0 and fe2 == 0x1c and
      fm2 == 0x11f and  fcsr == 0x0 and rm_val == 7  and rs1_nan_prefix == 0xffff
      and rs2_nan_prefix == 0xffff  #nosat'
    : 1
    ? 'fs1 == 0 and fe1 == 0x1e and fm1 == 0x16c and fs2 == 0 and fe2 == 0x1e and
      fm2 == 0x16c and  fcsr == 0x0 and rm_val == 7  and rs1_nan_prefix == 0xffff
      and rs2_nan_prefix == 0xffff  #nosat'
    : 1
    ? 'fs1 == 0 and fe1 == 0x1c and fm1 == 0x30e and fs2 == 0 and fe2 == 0x1c and
      fm2 == 0x30e and  fcsr == 0x0 and rm_val == 7  and rs1_nan_prefix == 0xffff
      and rs2_nan_prefix == 0xffff  #nosat'
    : 1
    ? 'fs1 == 0 and fe1 == 0x1e and fm1 == 0x261 and fs2 == 0 and fe2 == 0x1e and
      fm2 == 0x261 and  fcsr == 0x0 and rm_val == 7  and rs1_nan_prefix == 0xffff
      and rs2_nan_prefix == 0xffff  #nosat'
    : 1
    ? 'fs1 == 0 and fe1 == 0x1c and fm1 == 0x323 and fs2 == 0 and fe2 == 0x1c and
      fm2 == 0x323 and  fcsr == 0x0 and rm_val == 7  and rs1_nan_prefix == 0xffff
      and rs2_nan_prefix == 0xffff  #nosat'
    : 1
    ? 'fs1 == 0 and fe1 == 0x1d and fm1 == 0x250 and fs2 == 0 and fe2 == 0x1d and
      fm2 == 0x250 and  fcsr == 0x0 and rm_val == 7  and rs1_nan_prefix == 0xffff
      and rs2_nan_prefix == 0xffff  #nosat'
    : 1
    ? 'fs1 == 0 and fe1 == 0x1d and fm1 == 0x123 and fs2 == 0 and fe2 == 0x1d and
      fm2 == 0x123 and  fcsr == 0x0 and rm_val == 7  and rs1_nan_prefix == 0xffff
      and rs2_nan_prefix == 0xffff  #nosat'
    : 1
    ? 'fs1 == 0 and fe1 == 0x1a and fm1 == 0x385 and fs2 == 0 and fe2 == 0x1a and
      fm2 == 0x385 and  fcsr == 0x0 and rm_val == 7  and rs1_nan_prefix == 0xffff
      and rs2_nan_prefix == 0xffff  #nosat'
    : 1
    ? 'fs1 == 0 and fe1 == 0x1e and fm1 == 0x3bd and fs2 == 0 and fe2 == 0x1e and
      fm2 == 0x3bd and  fcsr == 0x0 and rm_val == 7  and rs1_nan_prefix == 0xffff
      and rs2_nan_prefix == 0xffff  #nosat'
    : 1
    ? 'fs1 == 0 and fe1 == 0x1d and fm1 == 0x0e6 and fs2 == 0 and fe2 == 0x1d and
      fm2 == 0x0e6 and  fcsr == 0x0 and rm_val == 7  and rs1_nan_prefix == 0xffff
      and rs2_nan_prefix == 0xffff  #nosat'
    : 1
    ? 'fs1 == 0 and fe1 == 0x1d and fm1 == 0x0f6 and fs2 == 0 and fe2 == 0x1d and
      fm2 == 0x0f6 and  fcsr == 0x0 and rm_val == 7  and rs1_nan_prefix == 0xffff
      and rs2_nan_prefix == 0xffff  #nosat'
    : 1
    ? 'fs1 == 0 and fe1 == 0x1e and fm1 == 0x1f2 and fs2 == 0 and fe2 == 0x1e and
      fm2 == 0x1f2 and  fcsr == 0x0 and rm_val == 7  and rs1_nan_prefix == 0xffff
      and rs2_nan_prefix == 0xffff  #nosat'
    : 1
    ? 'fs1 == 0 and fe1 == 0x1d and fm1 == 0x009 and fs2 == 0 and fe2 == 0x1d and
      fm2 == 0x009 and  fcsr == 0x0 and rm_val == 7  and rs1_nan_prefix == 0xffff
      and rs2_nan_prefix == 0xffff  #nosat'
    : 1
    ? 'fs1 == 0 and fe1 == 0x1e and fm1 == 0x306 and fs2 == 0 and fe2 == 0x1e and
      fm2 == 0x306 and  fcsr == 0x0 and rm_val == 7  and rs1_nan_prefix == 0xffff
      and rs2_nan_prefix == 0xffff  #nosat'
    : 1
    ? 'fs1 == 0 and fe1 == 0x1e and fm1 == 0x28d and fs2 == 0 and fe2 == 0x1e and
      fm2 == 0x28d and  fcsr == 0x0 and rm_val == 7  and rs1_nan_prefix == 0xffff
      and rs2_nan_prefix == 0xffff  #nosat'
    : 1
    ? 'fs1 == 0 and fe1 == 0x1e and fm1 == 0x08f and fs2 == 0 and fe2 == 0x1e and
      fm2 == 0x08f and  fcsr == 0x0 and rm_val == 7  and rs1_nan_prefix == 0xffff
      and rs2_nan_prefix == 0xffff  #nosat'
    : 1
    ? 'fs1 == 0 and fe1 == 0x1e and fm1 == 0x2f0 and fs2 == 0 and fe2 == 0x1e and
      fm2 == 0x2f0 and  fcsr == 0x0 and rm_val == 7  and rs1_nan_prefix == 0xffff
      and rs2_nan_prefix == 0xffff  #nosat'
    : 1
    ? 'fs1 == 0 and fe1 == 0x1e and fm1 == 0x1a1 and fs2 == 0 and fe2 == 0x1e and
      fm2 == 0x1a1 and  fcsr == 0x0 and rm_val == 7  and rs1_nan_prefix == 0xffff
      and rs2_nan_prefix == 0xffff  #nosat'
    : 1
    ? 'fs1 == 0 and fe1 == 0x1d and fm1 == 0x20b and fs2 == 0 and fe2 == 0x1d and
      fm2 == 0x20b and  fcsr == 0x0 and rm_val == 7  and rs1_nan_prefix == 0xffff
      and rs2_nan_prefix == 0xffff  #nosat'
    : 1
    ? 'fs1 == 0 and fe1 == 0x1c and fm1 == 0x294 and fs2 == 0 and fe2 == 0x1c and
      fm2 == 0x294 and  fcsr == 0x0 and rm_val == 7  and rs1_nan_prefix == 0xffff
      and rs2_nan_prefix == 0xffff  #nosat'
    : 1
    ? 'fs1 == 0 and fe1 == 0x1d and fm1 == 0x2ec and fs2 == 0 and fe2 == 0x1d and
      fm2 == 0x2ec and  fcsr == 0x0 and rm_val == 7  and rs1_nan_prefix == 0xffff
      and rs2_nan_prefix == 0xffff  #nosat'
    : 1
    ? 'fs1 == 0 and fe1 == 0x1b and fm1 == 0x2ae and fs2 == 0 and fe2 == 0x1b and
      fm2 == 0x2ae and  fcsr == 0x0 and rm_val == 7  and rs1_nan_prefix == 0xffff
      and rs2_nan_prefix == 0xffff  #nosat'
    : 1
    ? 'fs1 == 0 and fe1 == 0x1d and fm1 == 0x0bc and fs2 == 0 and fe2 == 0x1d and
      fm2 == 0x0bc and  fcsr == 0x0 and rm_val == 7  and rs1_nan_prefix == 0xffff
      and rs2_nan_prefix == 0xffff  #nosat'
    : 1
    ? 'fs1 == 0 and fe1 == 0x1d and fm1 == 0x133 and fs2 == 0 and fe2 == 0x1d and
      fm2 == 0x133 and  fcsr == 0x0 and rm_val == 7  and rs1_nan_prefix == 0xffff
      and rs2_nan_prefix == 0xffff  #nosat'
    : 1
    ? 'fs1 == 0 and fe1 == 0x1e and fm1 == 0x331 and fs2 == 0 and fe2 == 0x1e and
      fm2 == 0x331 and  fcsr == 0x0 and rm_val == 7  and rs1_nan_prefix == 0xffff
      and rs2_nan_prefix == 0xffff  #nosat'
    : 1
    ? 'fs1 == 0 and fe1 == 0x1c and fm1 == 0x26c and fs2 == 0 and fe2 == 0x1c and
      fm2 == 0x26c and  fcsr == 0x0 and rm_val == 7  and rs1_nan_prefix == 0xffff
      and rs2_nan_prefix == 0xffff  #nosat'
    : 1
    ? 'fs1 == 0 and fe1 == 0x1e and fm1 == 0x3e4 and fs2 == 0 and fe2 == 0x1e and
      fm2 == 0x3e4 and  fcsr == 0x0 and rm_val == 7  and rs1_nan_prefix == 0xffff
      and rs2_nan_prefix == 0xffff  #nosat'
    : 1
    ? 'fs1 == 0 and fe1 == 0x1d and fm1 == 0x16c and fs2 == 0 and fe2 == 0x1d and
      fm2 == 0x16c and  fcsr == 0x0 and rm_val == 7  and rs1_nan_prefix == 0xffff
      and rs2_nan_prefix == 0xffff  #nosat'
    : 1
    ? 'fs1 == 0 and fe1 == 0x1e and fm1 == 0x164 and fs2 == 0 and fe2 == 0x1e and
      fm2 == 0x164 and  fcsr == 0x0 and rm_val == 7  and rs1_nan_prefix == 0xffff
      and rs2_nan_prefix == 0xffff  #nosat'
    : 1
    ? 'fs1 == 0 and fe1 == 0x1e and fm1 == 0x374 and fs2 == 0 and fe2 == 0x1e and
      fm2 == 0x374 and  fcsr == 0x0 and rm_val == 7  and rs1_nan_prefix == 0xffff
      and rs2_nan_prefix == 0xffff  #nosat'
    : 1
    ? 'fs1 == 0 and fe1 == 0x1d and fm1 == 0x3bf and fs2 == 0 and fe2 == 0x1d and
      fm2 == 0x3bf and  fcsr == 0x0 and rm_val == 7  and rs1_nan_prefix == 0xffff
      and rs2_nan_prefix == 0xffff  #nosat'
    : 1
    ? 'fs1 == 0 and fe1 == 0x1c and fm1 == 0x381 and fs2 == 0 and fe2 == 0x1c and
      fm2 == 0x381 and  fcsr == 0x0 and rm_val == 7  and rs1_nan_prefix == 0xffff
      and rs2_nan_prefix == 0xffff  #nosat'
    : 1
    ? 'fs1 == 0 and fe1 == 0x1b and fm1 == 0x16a and fs2 == 0 and fe2 == 0x1b and
      fm2 == 0x16a and  fcsr == 0x0 and rm_val == 7  and rs1_nan_prefix == 0xffff
      and rs2_nan_prefix == 0xffff  #nosat'
    : 1
    ? 'fs1 == 0 and fe1 == 0x1e and fm1 == 0x348 and fs2 == 0 and fe2 == 0x1e and
      fm2 == 0x348 and  fcsr == 0x0 and rm_val == 7  and rs1_nan_prefix == 0xffff
      and rs2_nan_prefix == 0xffff  #nosat'
    : 1
    ? 'fs1 == 0 and fe1 == 0x1e and fm1 == 0x211 and fs2 == 0 and fe2 == 0x1e and
      fm2 == 0x211 and  fcsr == 0x0 and rm_val == 7  and rs1_nan_prefix == 0xffff
      and rs2_nan_prefix == 0xffff  #nosat'
    : 1
    ? 'fs1 == 0 and fe1 == 0x1e and fm1 == 0x2b9 and fs2 == 0 and fe2 == 0x1e and
      fm2 == 0x2b9 and  fcsr == 0x0 and rm_val == 7  and rs1_nan_prefix == 0xffff
      and rs2_nan_prefix == 0xffff  #nosat'
    : 1
    ? 'fs1 == 0 and fe1 == 0x1d and fm1 == 0x171 and fs2 == 0 and fe2 == 0x1d and
      fm2 == 0x171 and  fcsr == 0x0 and rm_val == 7  and rs1_nan_prefix == 0xffff
      and rs2_nan_prefix == 0xffff  #nosat'
    : 1
    ? 'fs1 == 0 and fe1 == 0x1e and fm1 == 0x2ef and fs2 == 0 and fe2 == 0x1e and
      fm2 == 0x2ef and  fcsr == 0x0 and rm_val == 7  and rs1_nan_prefix == 0xffff
      and rs2_nan_prefix == 0xffff  #nosat'
    : 1
    ? 'fs1 == 0 and fe1 == 0x1e and fm1 == 0x3a1 and fs2 == 0 and fe2 == 0x1e and
      fm2 == 0x3a1 and  fcsr == 0x0 and rm_val == 7  and rs1_nan_prefix == 0xffff
      and rs2_nan_prefix == 0xffff  #nosat'
    : 1
    ? 'fs1 == 0 and fe1 == 0x1c and fm1 == 0x054 and fs2 == 0 and fe2 == 0x1c and
      fm2 == 0x054 and  fcsr == 0x0 and rm_val == 7  and rs1_nan_prefix == 0xffff
      and rs2_nan_prefix == 0xffff  #nosat'
    : 1
    ? 'fs1 == 0 and fe1 == 0x1b and fm1 == 0x2ab and fs2 == 0 and fe2 == 0x1b and
      fm2 == 0x2ab and  fcsr == 0x0 and rm_val == 7  and rs1_nan_prefix == 0xffff
      and rs2_nan_prefix == 0xffff  #nosat'
    : 1
    ? 'fs1 == 0 and fe1 == 0x1b and fm1 == 0x0ae and fs2 == 0 and fe2 == 0x1b and
      fm2 == 0x0ae and  fcsr == 0x0 and rm_val == 7  and rs1_nan_prefix == 0xffff
      and rs2_nan_prefix == 0xffff  #nosat'
    : 1
    ? 'fs1 == 0 and fe1 == 0x1e and fm1 == 0x24d and fs2 == 0 and fe2 == 0x1e and
      fm2 == 0x24d and  fcsr == 0x0 and rm_val == 7  and rs1_nan_prefix == 0xffff
      and rs2_nan_prefix == 0xffff  #nosat'
    : 1
    ? 'fs1 == 0 and fe1 == 0x1d and fm1 == 0x173 and fs2 == 0 and fe2 == 0x1d and
      fm2 == 0x173 and  fcsr == 0x0 and rm_val == 7  and rs1_nan_prefix == 0xffff
      and rs2_nan_prefix == 0xffff  #nosat'
    : 1
    ? 'fs1 == 0 and fe1 == 0x1e and fm1 == 0x240 and fs2 == 0 and fe2 == 0x1e and
      fm2 == 0x240 and  fcsr == 0x0 and rm_val == 7  and rs1_nan_prefix == 0xffff
      and rs2_nan_prefix == 0xffff  #nosat'
    : 1
    ? 'fs1 == 0 and fe1 == 0x1e and fm1 == 0x090 and fs2 == 0 and fe2 == 0x1e and
      fm2 == 0x090 and  fcsr == 0x0 and rm_val == 7  and rs1_nan_prefix == 0xffff
      and rs2_nan_prefix == 0xffff  #nosat'
    : 1
    ? 'fs1 == 0 and fe1 == 0x1b and fm1 == 0x13a and fs2 == 0 and fe2 == 0x1b and
      fm2 == 0x13a and  fcsr == 0x0 and rm_val == 7  and rs1_nan_prefix == 0xffff
      and rs2_nan_prefix == 0xffff  #nosat'
    : 1
    ? 'fs1 == 0 and fe1 == 0x1e and fm1 == 0x31f and fs2 == 0 and fe2 == 0x1e and
      fm2 == 0x31f and  fcsr == 0x0 and rm_val == 7  and rs1_nan_prefix == 0xffff
      and rs2_nan_prefix == 0xffff  #nosat'
    : 1
    ? 'fs1 == 0 and fe1 == 0x1e and fm1 == 0x365 and fs2 == 0 and fe2 == 0x1e and
      fm2 == 0x365 and  fcsr == 0x0 and rm_val == 7  and rs1_nan_prefix == 0xffff
      and rs2_nan_prefix == 0xffff  #nosat'
    : 1
    ? 'fs1 == 0 and fe1 == 0x1d and fm1 == 0x06e and fs2 == 0 and fe2 == 0x1d and
      fm2 == 0x06e and  fcsr == 0x0 and rm_val == 7  and rs1_nan_prefix == 0xffff
      and rs2_nan_prefix == 0xffff  #nosat'
    : 1
    ? 'fs1 == 0 and fe1 == 0x1e and fm1 == 0x29e and fs2 == 0 and fe2 == 0x1e and
      fm2 == 0x29e and  fcsr == 0x0 and rm_val == 7  and rs1_nan_prefix == 0xffff
      and rs2_nan_prefix == 0xffff  #nosat'
    : 1
    ? 'fs1 == 0 and fe1 == 0x1e and fm1 == 0x15c and fs2 == 0 and fe2 == 0x1e and
      fm2 == 0x15c and  fcsr == 0x0 and rm_val == 7  and rs1_nan_prefix == 0xffff
      and rs2_nan_prefix == 0xffff  #nosat'
    : 1
    ? 'fs1 == 0 and fe1 == 0x1b and fm1 == 0x35c and fs2 == 0 and fe2 == 0x1b and
      fm2 == 0x35c and  fcsr == 0x0 and rm_val == 7  and rs1_nan_prefix == 0xffff
      and rs2_nan_prefix == 0xffff  #nosat'
    : 1
    ? 'fs1 == 0 and fe1 == 0x1a and fm1 == 0x11e and fs2 == 0 and fe2 == 0x1a and
      fm2 == 0x11e and  fcsr == 0x0 and rm_val == 7  and rs1_nan_prefix == 0xffff
      and rs2_nan_prefix == 0xffff  #nosat'
    : 1
    ? 'fs1 == 0 and fe1 == 0x1e and fm1 == 0x3e6 and fs2 == 0 and fe2 == 0x1e and
      fm2 == 0x3e6 and  fcsr == 0x0 and rm_val == 7  and rs1_nan_prefix == 0xffff
      and rs2_nan_prefix == 0xffff  #nosat'
    : 1
    ? 'fs1 == 0 and fe1 == 0x1b and fm1 == 0x364 and fs2 == 0 and fe2 == 0x1b and
      fm2 == 0x364 and  fcsr == 0x0 and rm_val == 7  and rs1_nan_prefix == 0xffff
      and rs2_nan_prefix == 0xffff  #nosat'
    : 1
    ? 'fs1 == 0 and fe1 == 0x1c and fm1 == 0x3b8 and fs2 == 0 and fe2 == 0x1c and
      fm2 == 0x3b8 and  fcsr == 0x0 and rm_val == 7  and rs1_nan_prefix == 0xffff
      and rs2_nan_prefix == 0xffff  #nosat'
    : 1
    ? 'fs1 == 0 and fe1 == 0x1b and fm1 == 0x294 and fs2 == 0 and fe2 == 0x1b and
      fm2 == 0x294 and  fcsr == 0x0 and rm_val == 7  and rs1_nan_prefix == 0xffff
      and rs2_nan_prefix == 0xffff  #nosat'
    : 1
    ? 'fs1 == 0 and fe1 == 0x1d and fm1 == 0x20c and fs2 == 0 and fe2 == 0x1d and
      fm2 == 0x20c and  fcsr == 0x0 and rm_val == 7  and rs1_nan_prefix == 0xffff
      and rs2_nan_prefix == 0xffff  #nosat'
    : 1
    ? 'fs1 == 0 and fe1 == 0x1e and fm1 == 0x345 and fs2 == 0 and fe2 == 0x1e and
      fm2 == 0x345 and  fcsr == 0x0 and rm_val == 7  and rs1_nan_prefix == 0xffff
      and rs2_nan_prefix == 0xffff  #nosat'
    : 1
    ? 'fs1 == 0 and fe1 == 0x1d and fm1 == 0x00d and fs2 == 0 and fe2 == 0x1d and
      fm2 == 0x00d and  fcsr == 0x0 and rm_val == 7  and rs1_nan_prefix == 0xffff
      and rs2_nan_prefix == 0xffff  #nosat'
    : 1
    ? 'fs1 == 0 and fe1 == 0x1b and fm1 == 0x267 and fs2 == 0 and fe2 == 0x1b and
      fm2 == 0x267 and  fcsr == 0x0 and rm_val == 7  and rs1_nan_prefix == 0xffff
      and rs2_nan_prefix == 0xffff  #nosat'
    : 1
    ? 'fs1 == 0 and fe1 == 0x1a and fm1 == 0x111 and fs2 == 0 and fe2 == 0x1a and
      fm2 == 0x111 and  fcsr == 0x0 and rm_val == 7  and rs1_nan_prefix == 0xffff
      and rs2_nan_prefix == 0xffff  #nosat'
    : 1
    ? 'fs1 == 0 and fe1 == 0x1e and fm1 == 0x3db and fs2 == 0 and fe2 == 0x1e and
      fm2 == 0x3db and  fcsr == 0x0 and rm_val == 7  and rs1_nan_prefix == 0xffff
      and rs2_nan_prefix == 0xffff  #nosat'
    : 1
    ? 'fs1 == 0 and fe1 == 0x1e and fm1 == 0x0c5 and fs2 == 0 and fe2 == 0x1e and
      fm2 == 0x0c5 and  fcsr == 0x0 and rm_val == 7  and rs1_nan_prefix == 0xffff
      and rs2_nan_prefix == 0xffff  #nosat'
    : 1
    ? 'fs1 == 0 and fe1 == 0x1d and fm1 == 0x102 and fs2 == 0 and fe2 == 0x1d and
      fm2 == 0x102 and  fcsr == 0x0 and rm_val == 7  and rs1_nan_prefix == 0xffff
      and rs2_nan_prefix == 0xffff  #nosat'
    : 1
    ? 'fs1 == 0 and fe1 == 0x1e and fm1 == 0x34d and fs2 == 0 and fe2 == 0x1e and
      fm2 == 0x34d and  fcsr == 0x0 and rm_val == 7  and rs1_nan_prefix == 0xffff
      and rs2_nan_prefix == 0xffff  #nosat'
    : 1
    ? 'fs1 == 0 and fe1 == 0x1e and fm1 == 0x3c1 and fs2 == 0 and fe2 == 0x1e and
      fm2 == 0x3c1 and  fcsr == 0x0 and rm_val == 7  and rs1_nan_prefix == 0xffff
      and rs2_nan_prefix == 0xffff  #nosat'
    : 1
    ? 'fs1 == 0 and fe1 == 0x1c and fm1 == 0x2e2 and fs2 == 0 and fe2 == 0x1c and
      fm2 == 0x2e2 and  fcsr == 0x0 and rm_val == 7  and rs1_nan_prefix == 0xffff
      and rs2_nan_prefix == 0xffff  #nosat'
    : 1
    ? 'fs1 == 0 and fe1 == 0x1e and fm1 == 0x3d5 and fs2 == 0 and fe2 == 0x1e and
      fm2 == 0x3d5 and  fcsr == 0x0 and rm_val == 7  and rs1_nan_prefix == 0xffff
      and rs2_nan_prefix == 0xffff  #nosat'
    : 1
    ? 'fs1 == 0 and fe1 == 0x1e and fm1 == 0x180 and fs2 == 0 and fe2 == 0x1e and
      fm2 == 0x180 and  fcsr == 0x0 and rm_val == 7  and rs1_nan_prefix == 0xffff
      and rs2_nan_prefix == 0xffff  #nosat'
    : 1
    ? 'fs1 == 0 and fe1 == 0x1d and fm1 == 0x024 and fs2 == 0 and fe2 == 0x1d and
      fm2 == 0x024 and  fcsr == 0x0 and rm_val == 7  and rs1_nan_prefix == 0xffff
      and rs2_nan_prefix == 0xffff  #nosat'
    : 1
    ? 'fs1 == 0 and fe1 == 0x1d and fm1 == 0x0ea and fs2 == 0 and fe2 == 0x1d and
      fm2 == 0x0ea and  fcsr == 0x0 and rm_val == 7  and rs1_nan_prefix == 0xffff
      and rs2_nan_prefix == 0xffff  #nosat'
    : 1
    ? 'fs1 == 0 and fe1 == 0x1b and fm1 == 0x134 and fs2 == 0 and fe2 == 0x1b and
      fm2 == 0x134 and  fcsr == 0x0 and rm_val == 7  and rs1_nan_prefix == 0xffff
      and rs2_nan_prefix == 0xffff  #nosat'
    : 1
    ? 'fs1 == 0 and fe1 == 0x1e and fm1 == 0x136 and fs2 == 0 and fe2 == 0x1e and
      fm2 == 0x136 and  fcsr == 0x0 and rm_val == 7  and rs1_nan_prefix == 0xffff
      and rs2_nan_prefix == 0xffff  #nosat'
    : 1
    ? 'fs1 == 0 and fe1 == 0x1e and fm1 == 0x385 and fs2 == 0 and fe2 == 0x1e and
      fm2 == 0x385 and  fcsr == 0x0 and rm_val == 7  and rs1_nan_prefix == 0xffff
      and rs2_nan_prefix == 0xffff  #nosat'
    : 1
    ? 'fs1 == 0 and fe1 == 0x1d and fm1 == 0x0e7 and fs2 == 0 and fe2 == 0x1d and
      fm2 == 0x0e7 and  fcsr == 0x0 and rm_val == 7  and rs1_nan_prefix == 0xffff
      and rs2_nan_prefix == 0xffff  #nosat'
    : 1
    ? 'fs1 == 0 and fe1 == 0x1d and fm1 == 0x110 and fs2 == 0 and fe2 == 0x1d and
      fm2 == 0x110 and  fcsr == 0x0 and rm_val == 7  and rs1_nan_prefix == 0xffff
      and rs2_nan_prefix == 0xffff  #nosat'
    : 1
    ? 'fs1 == 0 and fe1 == 0x1e and fm1 == 0x324 and fs2 == 0 and fe2 == 0x1e and
      fm2 == 0x324 and  fcsr == 0x0 and rm_val == 7  and rs1_nan_prefix == 0xffff
      and rs2_nan_prefix == 0xffff  #nosat'
    : 1
    ? 'fs1 == 0 and fe1 == 0x1d and fm1 == 0x158 and fs2 == 0 and fe2 == 0x1d and
      fm2 == 0x158 and  fcsr == 0x0 and rm_val == 7  and rs1_nan_prefix == 0xffff
      and rs2_nan_prefix == 0xffff  #nosat'
    : 1
    ? 'fs1 == 0 and fe1 == 0x1e and fm1 == 0x0a1 and fs2 == 0 and fe2 == 0x1e and
      fm2 == 0x0a1 and  fcsr == 0x0 and rm_val == 7  and rs1_nan_prefix == 0xffff
      and rs2_nan_prefix == 0xffff  #nosat'
    : 1
    ? 'fs1 == 0 and fe1 == 0x1c and fm1 == 0x3d6 and fs2 == 0 and fe2 == 0x1c and
      fm2 == 0x3d6 and  fcsr == 0x0 and rm_val == 7  and rs1_nan_prefix == 0xffff
      and rs2_nan_prefix == 0xffff  #nosat'
    : 1
    ? 'fs1 == 0 and fe1 == 0x1c and fm1 == 0x3cb and fs2 == 0 and fe2 == 0x1c and
      fm2 == 0x3cb and  fcsr == 0x0 and rm_val == 7  and rs1_nan_prefix == 0xffff
      and rs2_nan_prefix == 0xffff  #nosat'
    : 1
    ? 'fs1 == 0 and fe1 == 0x1e and fm1 == 0x068 and fs2 == 0 and fe2 == 0x1e and
      fm2 == 0x068 and  fcsr == 0x0 and rm_val == 7  and rs1_nan_prefix == 0xffff
      and rs2_nan_prefix == 0xffff  #nosat'
    : 1
    ? 'fs1 == 0 and fe1 == 0x1b and fm1 == 0x0ce and fs2 == 0 and fe2 == 0x1b and
      fm2 == 0x0ce and  fcsr == 0x0 and rm_val == 7  and rs1_nan_prefix == 0xffff
      and rs2_nan_prefix == 0xffff  #nosat'
    : 1
    ? 'fs1 == 0 and fe1 == 0x1d and fm1 == 0x0a6 and fs2 == 0 and fe2 == 0x1d and
      fm2 == 0x0a6 and  fcsr == 0x0 and rm_val == 7  and rs1_nan_prefix == 0xffff
      and rs2_nan_prefix == 0xffff  #nosat'
    : 1
    ? 'fs1 == 0 and fe1 == 0x1d and fm1 == 0x3e3 and fs2 == 0 and fe2 == 0x1d and
      fm2 == 0x3e3 and  fcsr == 0x0 and rm_val == 7  and rs1_nan_prefix == 0xffff
      and rs2_nan_prefix == 0xffff  #nosat'
    : 1
    ? 'fs1 == 0 and fe1 == 0x1c and fm1 == 0x0ee and fs2 == 0 and fe2 == 0x1c and
      fm2 == 0x0ee and  fcsr == 0x0 and rm_val == 7  and rs1_nan_prefix == 0xffff
      and rs2_nan_prefix == 0xffff  #nosat'
    : 1
    ? 'fs1 == 0 and fe1 == 0x1e and fm1 == 0x25b and fs2 == 0 and fe2 == 0x1e and
      fm2 == 0x25b and  fcsr == 0x0 and rm_val == 7  and rs1_nan_prefix == 0xffff
      and rs2_nan_prefix == 0xffff  #nosat'
    : 1
    ? 'fs1 == 0 and fe1 == 0x1e and fm1 == 0x397 and fs2 == 0 and fe2 == 0x1e and
      fm2 == 0x397 and  fcsr == 0x0 and rm_val == 7  and rs1_nan_prefix == 0xffff
      and rs2_nan_prefix == 0xffff  #nosat'
    : 1
    ? 'fs1 == 0 and fe1 == 0x1e and fm1 == 0x234 and fs2 == 0 and fe2 == 0x1e and
      fm2 == 0x234 and  fcsr == 0x0 and rm_val == 7  and rs1_nan_prefix == 0xffff
      and rs2_nan_prefix == 0xffff  #nosat'
    : 1
    ? 'fs1 == 0 and fe1 == 0x1e and fm1 == 0x291 and fs2 == 0 and fe2 == 0x1e and
      fm2 == 0x291 and  fcsr == 0x0 and rm_val == 7  and rs1_nan_prefix == 0xffff
      and rs2_nan_prefix == 0xffff  #nosat'
    : 1
    ? 'fs1 == 0 and fe1 == 0x1b and fm1 == 0x2d6 and fs2 == 0 and fe2 == 0x1b and
      fm2 == 0x2d6 and  fcsr == 0x0 and rm_val == 7  and rs1_nan_prefix == 0xffff
      and rs2_nan_prefix == 0xffff  #nosat'
    : 1
    ? 'fs1 == 0 and fe1 == 0x1e and fm1 == 0x359 and fs2 == 0 and fe2 == 0x1e and
      fm2 == 0x359 and  fcsr == 0x0 and rm_val == 7  and rs1_nan_prefix == 0xffff
      and rs2_nan_prefix == 0xffff  #nosat'
    : 1
    ? 'fs1 == 0 and fe1 == 0x1e and fm1 == 0x325 and fs2 == 0 and fe2 == 0x1e and
      fm2 == 0x325 and  fcsr == 0x0 and rm_val == 7  and rs1_nan_prefix == 0xffff
      and rs2_nan_prefix == 0xffff  #nosat'
    : 1
    ? 'fs1 == 0 and fe1 == 0x1e and fm1 == 0x347 and fs2 == 0 and fe2 == 0x1e and
      fm2 == 0x347 and  fcsr == 0x0 and rm_val == 7  and rs1_nan_prefix == 0xffff
      and rs2_nan_prefix == 0xffff  #nosat'
    : 1
    ? 'fs1 == 0 and fe1 == 0x1d and fm1 == 0x10d and fs2 == 0 and fe2 == 0x1d and
      fm2 == 0x10d and  fcsr == 0x0 and rm_val == 7  and rs1_nan_prefix == 0xffff
      and rs2_nan_prefix == 0xffff  #nosat'
    : 1
    ? 'fs1 == 0 and fe1 == 0x1e and fm1 == 0x26d and fs2 == 0 and fe2 == 0x1e and
      fm2 == 0x26d and  fcsr == 0x0 and rm_val == 7  and rs1_nan_prefix == 0xffff
      and rs2_nan_prefix == 0xffff  #nosat'
    : 1
    ? 'fs1 == 0 and fe1 == 0x1e and fm1 == 0x2b8 and fs2 == 0 and fe2 == 0x1e and
      fm2 == 0x2b8 and  fcsr == 0x0 and rm_val == 7  and rs1_nan_prefix == 0xffff
      and rs2_nan_prefix == 0xffff  #nosat'
    : 1
    ? 'fs1 == 0 and fe1 == 0x1e and fm1 == 0x183 and fs2 == 0 and fe2 == 0x1e and
      fm2 == 0x183 and  fcsr == 0x0 and rm_val == 7  and rs1_nan_prefix == 0xffff
      and rs2_nan_prefix == 0xffff  #nosat'
    : 1
    ? 'fs1 == 0 and fe1 == 0x1d and fm1 == 0x2eb and fs2 == 0 and fe2 == 0x1d and
      fm2 == 0x2eb and  fcsr == 0x0 and rm_val == 7  and rs1_nan_prefix == 0xffff
      and rs2_nan_prefix == 0xffff  #nosat'
    : 1
    ? 'fs1 == 0 and fe1 == 0x1e and fm1 == 0x1b7 and fs2 == 0 and fe2 == 0x1e and
      fm2 == 0x1b7 and  fcsr == 0x0 and rm_val == 7  and rs1_nan_prefix == 0xffff
      and rs2_nan_prefix == 0xffff  #nosat'
    : 1
    ? 'fs1 == 0 and fe1 == 0x1d and fm1 == 0x00a and fs2 == 0 and fe2 == 0x1d and
      fm2 == 0x00a and  fcsr == 0x0 and rm_val == 7  and rs1_nan_prefix == 0xffff
      and rs2_nan_prefix == 0xffff  #nosat'
    : 1
    ? 'fs1 == 0 and fe1 == 0x1e and fm1 == 0x3b4 and fs2 == 0 and fe2 == 0x1e and
      fm2 == 0x3b4 and  fcsr == 0x0 and rm_val == 7  and rs1_nan_prefix == 0xffff
      and rs2_nan_prefix == 0xffff  #nosat'
    : 1
    ? 'fs1 == 0 and fe1 == 0x1e and fm1 == 0x064 and fs2 == 0 and fe2 == 0x1e and
      fm2 == 0x064 and  fcsr == 0x0 and rm_val == 7  and rs1_nan_prefix == 0xffff
      and rs2_nan_prefix == 0xffff  #nosat'
    : 1
    ? 'fs1 == 0 and fe1 == 0x1e and fm1 == 0x2ce and fs2 == 0 and fe2 == 0x1e and
      fm2 == 0x2ce and  fcsr == 0x0 and rm_val == 7  and rs1_nan_prefix == 0xffff
      and rs2_nan_prefix == 0xffff  #nosat'
    : 1
    ? 'fs1 == 0 and fe1 == 0x1d and fm1 == 0x254 and fs2 == 0 and fe2 == 0x1d and
      fm2 == 0x254 and  fcsr == 0x0 and rm_val == 7  and rs1_nan_prefix == 0xffff
      and rs2_nan_prefix == 0xffff  #nosat'
    : 1
    ? 'fs1 == 0 and fe1 == 0x1d and fm1 == 0x020 and fs2 == 0 and fe2 == 0x1d and
      fm2 == 0x020 and  fcsr == 0x0 and rm_val == 7  and rs1_nan_prefix == 0xffff
      and rs2_nan_prefix == 0xffff  #nosat'
    : 1
    ? 'fs1 == 0 and fe1 == 0x1e and fm1 == 0x12b and fs2 == 0 and fe2 == 0x1e and
      fm2 == 0x12b and  fcsr == 0x0 and rm_val == 7  and rs1_nan_prefix == 0xffff
      and rs2_nan_prefix == 0xffff  #nosat'
    : 1
    ? 'fs1 == 0 and fe1 == 0x1d and fm1 == 0x1ad and fs2 == 0 and fe2 == 0x1d and
      fm2 == 0x1ad and  fcsr == 0x0 and rm_val == 7  and rs1_nan_prefix == 0xffff
      and rs2_nan_prefix == 0xffff  #nosat'
    : 1
    ? 'fs1 == 0 and fe1 == 0x1c and fm1 == 0x000 and fs2 == 0 and fe2 == 0x1c and
      fm2 == 0x000 and  fcsr == 0x0 and rm_val == 7  and rs1_nan_prefix == 0xffff
      and rs2_nan_prefix == 0xffff  #nosat'
    : 1
    ? 'fs1 == 0 and fe1 == 0x1e and fm1 == 0x2a0 and fs2 == 0 and fe2 == 0x1e and
      fm2 == 0x2a0 and  fcsr == 0x0 and rm_val == 7  and rs1_nan_prefix == 0xffff
      and rs2_nan_prefix == 0xffff  #nosat'
    : 1
    ? 'fs1 == 0 and fe1 == 0x1d and fm1 == 0x26a and fs2 == 0 and fe2 == 0x1d and
      fm2 == 0x26a and  fcsr == 0x0 and rm_val == 7  and rs1_nan_prefix == 0xffff
      and rs2_nan_prefix == 0xffff  #nosat'
    : 1
    ? 'fs1 == 0 and fe1 == 0x1c and fm1 == 0x378 and fs2 == 0 and fe2 == 0x1c and
      fm2 == 0x378 and  fcsr == 0x0 and rm_val == 7  and rs1_nan_prefix == 0xffff
      and rs2_nan_prefix == 0xffff  #nosat'
    : 1
    ? 'fs1 == 0 and fe1 == 0x1e and fm1 == 0x03a and fs2 == 0 and fe2 == 0x1e and
      fm2 == 0x03a and  fcsr == 0x0 and rm_val == 7  and rs1_nan_prefix == 0xffff
      and rs2_nan_prefix == 0xffff  #nosat'
    : 1
    ? 'fs1 == 0 and fe1 == 0x1e and fm1 == 0x130 and fs2 == 0 and fe2 == 0x1e and
      fm2 == 0x130 and  fcsr == 0x0 and rm_val == 7  and rs1_nan_prefix == 0xffff
      and rs2_nan_prefix == 0xffff  #nosat'
    : 1
    ? 'fs1 == 0 and fe1 == 0x1e and fm1 == 0x17d and fs2 == 0 and fe2 == 0x1e and
      fm2 == 0x17d and  fcsr == 0x0 and rm_val == 7  and rs1_nan_prefix == 0xffff
      and rs2_nan_prefix == 0xffff  #nosat'
    : 1
    ? 'fs1 == 0 and fe1 == 0x1c and fm1 == 0x39f and fs2 == 0 and fe2 == 0x1c and
      fm2 == 0x39f and  fcsr == 0x0 and rm_val == 7  and rs1_nan_prefix == 0xffff
      and rs2_nan_prefix == 0xffff  #nosat'
    : 1
    ? 'fs1 == 0 and fe1 == 0x1d and fm1 == 0x3a8 and fs2 == 0 and fe2 == 0x1d and
      fm2 == 0x3a8 and  fcsr == 0x0 and rm_val == 7  and rs1_nan_prefix == 0xffff
      and rs2_nan_prefix == 0xffff  #nosat'
    : 1
    ? 'fs1 == 0 and fe1 == 0x1d and fm1 == 0x297 and fs2 == 0 and fe2 == 0x1d and
      fm2 == 0x297 and  fcsr == 0x0 and rm_val == 7  and rs1_nan_prefix == 0xffff
      and rs2_nan_prefix == 0xffff  #nosat'
    : 1
    coverage: 197/197
  total_coverage: 299/299
