---
fadd_b4:
  config:
  - check ISA:=regex(.*I.*F.*Zfh.*)
  mnemonics:
    fadd.h: 142
    coverage: 1/1
  op_comb:
    rs1 != rs2  and rs1 != rd and rs2 != rd: 138
    rs1 == rd != rs2: 1
    rs1 == rs2 != rd: 1
    rs1 == rs2 == rd: 1
    rs2 == rd != rs1: 1
    coverage: 5/5
  rd:
    f0: 1
    f1: 1
    f10: 1
    f11: 1
    f12: 1
    f13: 1
    f14: 1
    f15: 1
    f16: 1
    f17: 1
    f18: 1
    f19: 1
    f2: 1
    f20: 1
    f21: 1
    f22: 1
    f23: 1
    f24: 1
    f25: 1
    f26: 1
    f27: 1
    f28: 1
    f29: 1
    f3: 1
    f30: 1
    f31: 111
    f4: 1
    f5: 1
    f6: 1
    f7: 1
    f8: 1
    f9: 1
    coverage: 32/32
  rs1:
    f0: 1
    f1: 1
    f10: 1
    f11: 1
    f12: 1
    f13: 1
    f14: 1
    f15: 1
    f16: 1
    f17: 1
    f18: 1
    f19: 1
    f2: 1
    f20: 1
    f21: 1
    f22: 1
    f23: 1
    f24: 1
    f25: 1
    f26: 1
    f27: 1
    f28: 1
    f29: 1
    f3: 1
    f30: 109
    f31: 3
    f4: 1
    f5: 1
    f6: 1
    f7: 1
    f8: 1
    f9: 1
    coverage: 32/32
  rs2:
    f0: 1
    f1: 1
    f10: 1
    f11: 1
    f12: 1
    f13: 1
    f14: 1
    f15: 1
    f16: 1
    f17: 1
    f18: 1
    f19: 1
    f2: 1
    f20: 1
    f21: 1
    f22: 1
    f23: 1
    f24: 1
    f25: 1
    f26: 1
    f27: 1
    f28: 1
    f29: 107
    f3: 1
    f30: 5
    f31: 1
    f4: 1
    f5: 1
    f6: 1
    f7: 1
    f8: 1
    f9: 1
    coverage: 32/32
  val_comb:
    ? 'fs1 == 0 and fe1 == 0x1e and fm1 == 0x2c0 and fs2 == 0 and fe2 == 0x1c and
      fm2 == 0x0f9 and  fcsr == 0x0 and rm_val == 7  and rs1_nan_prefix == 0xffff
      and rs2_nan_prefix == 0xffff  #nosat'
    : 1
    ? 'fs1 == 0 and fe1 == 0x1e and fm1 == 0x2c0 and fs2 == 0 and fe2 == 0x1c and
      fm2 == 0x0f9 and  fcsr == 0x20 and rm_val == 7  and rs1_nan_prefix == 0xffff
      and rs2_nan_prefix == 0xffff  #nosat'
    : 1
    ? 'fs1 == 0 and fe1 == 0x1e and fm1 == 0x2c0 and fs2 == 0 and fe2 == 0x1c and
      fm2 == 0x0f9 and  fcsr == 0x40 and rm_val == 7  and rs1_nan_prefix == 0xffff
      and rs2_nan_prefix == 0xffff  #nosat'
    : 1
    ? 'fs1 == 0 and fe1 == 0x1e and fm1 == 0x2c0 and fs2 == 0 and fe2 == 0x1c and
      fm2 == 0x0f9 and  fcsr == 0x60 and rm_val == 7  and rs1_nan_prefix == 0xffff
      and rs2_nan_prefix == 0xffff  #nosat'
    : 1
    ? 'fs1 == 0 and fe1 == 0x1e and fm1 == 0x2c0 and fs2 == 0 and fe2 == 0x1c and
      fm2 == 0x0f9 and  fcsr == 0x80 and rm_val == 7  and rs1_nan_prefix == 0xffff
      and rs2_nan_prefix == 0xffff  #nosat'
    : 1
    ? 'fs1 == 0 and fe1 == 0x1d and fm1 == 0x2b9 and fs2 == 1 and fe2 == 0x1e and
      fm2 == 0x3ff and  fcsr == 0x0 and rm_val == 7  and rs1_nan_prefix == 0xffff
      and rs2_nan_prefix == 0xffff  #nosat'
    : 1
    ? 'fs1 == 0 and fe1 == 0x1d and fm1 == 0x2b9 and fs2 == 1 and fe2 == 0x1e and
      fm2 == 0x3ff and  fcsr == 0x20 and rm_val == 7  and rs1_nan_prefix == 0xffff
      and rs2_nan_prefix == 0xffff  #nosat'
    : 1
    ? 'fs1 == 0 and fe1 == 0x1d and fm1 == 0x2b9 and fs2 == 1 and fe2 == 0x1e and
      fm2 == 0x3ff and  fcsr == 0x40 and rm_val == 7  and rs1_nan_prefix == 0xffff
      and rs2_nan_prefix == 0xffff  #nosat'
    : 1
    ? 'fs1 == 0 and fe1 == 0x1d and fm1 == 0x2b9 and fs2 == 1 and fe2 == 0x1e and
      fm2 == 0x3ff and  fcsr == 0x60 and rm_val == 7  and rs1_nan_prefix == 0xffff
      and rs2_nan_prefix == 0xffff  #nosat'
    : 1
    ? 'fs1 == 0 and fe1 == 0x1d and fm1 == 0x2b9 and fs2 == 1 and fe2 == 0x1e and
      fm2 == 0x3ff and  fcsr == 0x80 and rm_val == 7  and rs1_nan_prefix == 0xffff
      and rs2_nan_prefix == 0xffff  #nosat'
    : 1
    ? 'fs1 == 0 and fe1 == 0x1e and fm1 == 0x016 and fs2 == 0 and fe2 == 0x1d and
      fm2 == 0x3d0 and  fcsr == 0x0 and rm_val == 7  and rs1_nan_prefix == 0xffff
      and rs2_nan_prefix == 0xffff  #nosat'
    : 1
    ? 'fs1 == 0 and fe1 == 0x1e and fm1 == 0x016 and fs2 == 0 and fe2 == 0x1d and
      fm2 == 0x3d0 and  fcsr == 0x20 and rm_val == 7  and rs1_nan_prefix == 0xffff
      and rs2_nan_prefix == 0xffff  #nosat'
    : 1
    ? 'fs1 == 0 and fe1 == 0x1e and fm1 == 0x016 and fs2 == 0 and fe2 == 0x1d and
      fm2 == 0x3d0 and  fcsr == 0x40 and rm_val == 7  and rs1_nan_prefix == 0xffff
      and rs2_nan_prefix == 0xffff  #nosat'
    : 1
    ? 'fs1 == 0 and fe1 == 0x1e and fm1 == 0x016 and fs2 == 0 and fe2 == 0x1d and
      fm2 == 0x3d0 and  fcsr == 0x60 and rm_val == 7  and rs1_nan_prefix == 0xffff
      and rs2_nan_prefix == 0xffff  #nosat'
    : 1
    ? 'fs1 == 0 and fe1 == 0x1e and fm1 == 0x016 and fs2 == 0 and fe2 == 0x1d and
      fm2 == 0x3d0 and  fcsr == 0x80 and rm_val == 7  and rs1_nan_prefix == 0xffff
      and rs2_nan_prefix == 0xffff  #nosat'
    : 1
    ? 'fs1 == 0 and fe1 == 0x1e and fm1 == 0x244 and fs2 == 1 and fe2 == 0x1e and
      fm2 == 0x3ff and  fcsr == 0x0 and rm_val == 7  and rs1_nan_prefix == 0xffff
      and rs2_nan_prefix == 0xffff  #nosat'
    : 1
    ? 'fs1 == 0 and fe1 == 0x1e and fm1 == 0x244 and fs2 == 1 and fe2 == 0x1e and
      fm2 == 0x3ff and  fcsr == 0x20 and rm_val == 7  and rs1_nan_prefix == 0xffff
      and rs2_nan_prefix == 0xffff  #nosat'
    : 1
    ? 'fs1 == 0 and fe1 == 0x1e and fm1 == 0x244 and fs2 == 1 and fe2 == 0x1e and
      fm2 == 0x3ff and  fcsr == 0x40 and rm_val == 7  and rs1_nan_prefix == 0xffff
      and rs2_nan_prefix == 0xffff  #nosat'
    : 1
    ? 'fs1 == 0 and fe1 == 0x1e and fm1 == 0x244 and fs2 == 1 and fe2 == 0x1e and
      fm2 == 0x3ff and  fcsr == 0x60 and rm_val == 7  and rs1_nan_prefix == 0xffff
      and rs2_nan_prefix == 0xffff  #nosat'
    : 1
    ? 'fs1 == 0 and fe1 == 0x1e and fm1 == 0x244 and fs2 == 1 and fe2 == 0x1e and
      fm2 == 0x3ff and  fcsr == 0x80 and rm_val == 7  and rs1_nan_prefix == 0xffff
      and rs2_nan_prefix == 0xffff  #nosat'
    : 1
    ? 'fs1 == 0 and fe1 == 0x1d and fm1 == 0x39f and fs2 == 0 and fe2 == 0x1e and
      fm2 == 0x02f and  fcsr == 0x0 and rm_val == 7  and rs1_nan_prefix == 0xffff
      and rs2_nan_prefix == 0xffff  #nosat'
    : 1
    ? 'fs1 == 0 and fe1 == 0x1d and fm1 == 0x39f and fs2 == 0 and fe2 == 0x1e and
      fm2 == 0x02f and  fcsr == 0x20 and rm_val == 7  and rs1_nan_prefix == 0xffff
      and rs2_nan_prefix == 0xffff  #nosat'
    : 1
    ? 'fs1 == 0 and fe1 == 0x1d and fm1 == 0x39f and fs2 == 0 and fe2 == 0x1e and
      fm2 == 0x02f and  fcsr == 0x40 and rm_val == 7  and rs1_nan_prefix == 0xffff
      and rs2_nan_prefix == 0xffff  #nosat'
    : 1
    ? 'fs1 == 0 and fe1 == 0x1d and fm1 == 0x39f and fs2 == 0 and fe2 == 0x1e and
      fm2 == 0x02f and  fcsr == 0x60 and rm_val == 7  and rs1_nan_prefix == 0xffff
      and rs2_nan_prefix == 0xffff  #nosat'
    : 1
    ? 'fs1 == 0 and fe1 == 0x1d and fm1 == 0x39f and fs2 == 0 and fe2 == 0x1e and
      fm2 == 0x02f and  fcsr == 0x80 and rm_val == 7  and rs1_nan_prefix == 0xffff
      and rs2_nan_prefix == 0xffff  #nosat'
    : 1
    ? 'fs1 == 0 and fe1 == 0x1e and fm1 == 0x342 and fs2 == 1 and fe2 == 0x1e and
      fm2 == 0x3ff and  fcsr == 0x0 and rm_val == 7  and rs1_nan_prefix == 0xffff
      and rs2_nan_prefix == 0xffff  #nosat'
    : 1
    ? 'fs1 == 0 and fe1 == 0x1e and fm1 == 0x342 and fs2 == 1 and fe2 == 0x1e and
      fm2 == 0x3ff and  fcsr == 0x20 and rm_val == 7  and rs1_nan_prefix == 0xffff
      and rs2_nan_prefix == 0xffff  #nosat'
    : 1
    ? 'fs1 == 0 and fe1 == 0x1e and fm1 == 0x342 and fs2 == 1 and fe2 == 0x1e and
      fm2 == 0x3ff and  fcsr == 0x40 and rm_val == 7  and rs1_nan_prefix == 0xffff
      and rs2_nan_prefix == 0xffff  #nosat'
    : 1
    ? 'fs1 == 0 and fe1 == 0x1e and fm1 == 0x342 and fs2 == 1 and fe2 == 0x1e and
      fm2 == 0x3ff and  fcsr == 0x60 and rm_val == 7  and rs1_nan_prefix == 0xffff
      and rs2_nan_prefix == 0xffff  #nosat'
    : 1
    ? 'fs1 == 0 and fe1 == 0x1e and fm1 == 0x342 and fs2 == 1 and fe2 == 0x1e and
      fm2 == 0x3ff and  fcsr == 0x80 and rm_val == 7  and rs1_nan_prefix == 0xffff
      and rs2_nan_prefix == 0xffff  #nosat'
    : 1
    ? 'fs1 == 0 and fe1 == 0x1d and fm1 == 0x081 and fs2 == 0 and fe2 == 0x1e and
      fm2 == 0x1be and  fcsr == 0x0 and rm_val == 7  and rs1_nan_prefix == 0xffff
      and rs2_nan_prefix == 0xffff  #nosat'
    : 1
    ? 'fs1 == 0 and fe1 == 0x1d and fm1 == 0x081 and fs2 == 0 and fe2 == 0x1e and
      fm2 == 0x1be and  fcsr == 0x20 and rm_val == 7  and rs1_nan_prefix == 0xffff
      and rs2_nan_prefix == 0xffff  #nosat'
    : 1
    ? 'fs1 == 0 and fe1 == 0x1d and fm1 == 0x081 and fs2 == 0 and fe2 == 0x1e and
      fm2 == 0x1be and  fcsr == 0x40 and rm_val == 7  and rs1_nan_prefix == 0xffff
      and rs2_nan_prefix == 0xffff  #nosat'
    : 1
    ? 'fs1 == 0 and fe1 == 0x1d and fm1 == 0x081 and fs2 == 0 and fe2 == 0x1e and
      fm2 == 0x1be and  fcsr == 0x60 and rm_val == 7  and rs1_nan_prefix == 0xffff
      and rs2_nan_prefix == 0xffff  #nosat'
    : 1
    ? 'fs1 == 0 and fe1 == 0x1d and fm1 == 0x081 and fs2 == 0 and fe2 == 0x1e and
      fm2 == 0x1be and  fcsr == 0x80 and rm_val == 7  and rs1_nan_prefix == 0xffff
      and rs2_nan_prefix == 0xffff  #nosat'
    : 1
    ? 'fs1 == 0 and fe1 == 0x1e and fm1 == 0x0f1 and fs2 == 1 and fe2 == 0x1e and
      fm2 == 0x3ff and  fcsr == 0x0 and rm_val == 7  and rs1_nan_prefix == 0xffff
      and rs2_nan_prefix == 0xffff  #nosat'
    : 1
    ? 'fs1 == 0 and fe1 == 0x1e and fm1 == 0x0f1 and fs2 == 1 and fe2 == 0x1e and
      fm2 == 0x3ff and  fcsr == 0x20 and rm_val == 7  and rs1_nan_prefix == 0xffff
      and rs2_nan_prefix == 0xffff  #nosat'
    : 1
    ? 'fs1 == 0 and fe1 == 0x1e and fm1 == 0x0f1 and fs2 == 1 and fe2 == 0x1e and
      fm2 == 0x3ff and  fcsr == 0x40 and rm_val == 7  and rs1_nan_prefix == 0xffff
      and rs2_nan_prefix == 0xffff  #nosat'
    : 1
    ? 'fs1 == 0 and fe1 == 0x1e and fm1 == 0x0f1 and fs2 == 1 and fe2 == 0x1e and
      fm2 == 0x3ff and  fcsr == 0x60 and rm_val == 7  and rs1_nan_prefix == 0xffff
      and rs2_nan_prefix == 0xffff  #nosat'
    : 1
    ? 'fs1 == 0 and fe1 == 0x1e and fm1 == 0x0f1 and fs2 == 1 and fe2 == 0x1e and
      fm2 == 0x3ff and  fcsr == 0x80 and rm_val == 7  and rs1_nan_prefix == 0xffff
      and rs2_nan_prefix == 0xffff  #nosat'
    : 1
    ? 'fs1 == 0 and fe1 == 0x1e and fm1 == 0x346 and fs2 == 0 and fe2 == 0x1b and
      fm2 == 0x1c5 and  fcsr == 0x0 and rm_val == 7  and rs1_nan_prefix == 0xffff
      and rs2_nan_prefix == 0xffff  #nosat'
    : 1
    ? 'fs1 == 0 and fe1 == 0x1e and fm1 == 0x346 and fs2 == 0 and fe2 == 0x1b and
      fm2 == 0x1c5 and  fcsr == 0x20 and rm_val == 7  and rs1_nan_prefix == 0xffff
      and rs2_nan_prefix == 0xffff  #nosat'
    : 1
    ? 'fs1 == 0 and fe1 == 0x1e and fm1 == 0x346 and fs2 == 0 and fe2 == 0x1b and
      fm2 == 0x1c5 and  fcsr == 0x40 and rm_val == 7  and rs1_nan_prefix == 0xffff
      and rs2_nan_prefix == 0xffff  #nosat'
    : 1
    ? 'fs1 == 0 and fe1 == 0x1e and fm1 == 0x346 and fs2 == 0 and fe2 == 0x1b and
      fm2 == 0x1c5 and  fcsr == 0x60 and rm_val == 7  and rs1_nan_prefix == 0xffff
      and rs2_nan_prefix == 0xffff  #nosat'
    : 1
    ? 'fs1 == 0 and fe1 == 0x1e and fm1 == 0x346 and fs2 == 0 and fe2 == 0x1b and
      fm2 == 0x1c5 and  fcsr == 0x80 and rm_val == 7  and rs1_nan_prefix == 0xffff
      and rs2_nan_prefix == 0xffff  #nosat'
    : 1
    ? 'fs1 == 0 and fe1 == 0x1e and fm1 == 0x27a and fs2 == 1 and fe2 == 0x1e and
      fm2 == 0x3ff and  fcsr == 0x0 and rm_val == 7  and rs1_nan_prefix == 0xffff
      and rs2_nan_prefix == 0xffff  #nosat'
    : 1
    ? 'fs1 == 0 and fe1 == 0x1e and fm1 == 0x27a and fs2 == 1 and fe2 == 0x1e and
      fm2 == 0x3ff and  fcsr == 0x20 and rm_val == 7  and rs1_nan_prefix == 0xffff
      and rs2_nan_prefix == 0xffff  #nosat'
    : 1
    ? 'fs1 == 0 and fe1 == 0x1e and fm1 == 0x27a and fs2 == 1 and fe2 == 0x1e and
      fm2 == 0x3ff and  fcsr == 0x40 and rm_val == 7  and rs1_nan_prefix == 0xffff
      and rs2_nan_prefix == 0xffff  #nosat'
    : 1
    ? 'fs1 == 0 and fe1 == 0x1e and fm1 == 0x27a and fs2 == 1 and fe2 == 0x1e and
      fm2 == 0x3ff and  fcsr == 0x60 and rm_val == 7  and rs1_nan_prefix == 0xffff
      and rs2_nan_prefix == 0xffff  #nosat'
    : 1
    ? 'fs1 == 0 and fe1 == 0x1e and fm1 == 0x27a and fs2 == 1 and fe2 == 0x1e and
      fm2 == 0x3ff and  fcsr == 0x80 and rm_val == 7  and rs1_nan_prefix == 0xffff
      and rs2_nan_prefix == 0xffff  #nosat'
    : 1
    ? 'fs1 == 0 and fe1 == 0x1d and fm1 == 0x0f5 and fs2 == 0 and fe2 == 0x1e and
      fm2 == 0x184 and  fcsr == 0x0 and rm_val == 7  and rs1_nan_prefix == 0xffff
      and rs2_nan_prefix == 0xffff  #nosat'
    : 1
    ? 'fs1 == 0 and fe1 == 0x1d and fm1 == 0x0f5 and fs2 == 0 and fe2 == 0x1e and
      fm2 == 0x184 and  fcsr == 0x20 and rm_val == 7  and rs1_nan_prefix == 0xffff
      and rs2_nan_prefix == 0xffff  #nosat'
    : 1
    ? 'fs1 == 0 and fe1 == 0x1d and fm1 == 0x0f5 and fs2 == 0 and fe2 == 0x1e and
      fm2 == 0x184 and  fcsr == 0x40 and rm_val == 7  and rs1_nan_prefix == 0xffff
      and rs2_nan_prefix == 0xffff  #nosat'
    : 1
    ? 'fs1 == 0 and fe1 == 0x1d and fm1 == 0x0f5 and fs2 == 0 and fe2 == 0x1e and
      fm2 == 0x184 and  fcsr == 0x60 and rm_val == 7  and rs1_nan_prefix == 0xffff
      and rs2_nan_prefix == 0xffff  #nosat'
    : 1
    ? 'fs1 == 0 and fe1 == 0x1d and fm1 == 0x0f5 and fs2 == 0 and fe2 == 0x1e and
      fm2 == 0x184 and  fcsr == 0x80 and rm_val == 7  and rs1_nan_prefix == 0xffff
      and rs2_nan_prefix == 0xffff  #nosat'
    : 1
    ? 'fs1 == 0 and fe1 == 0x1e and fm1 == 0x32f and fs2 == 1 and fe2 == 0x1e and
      fm2 == 0x3ff and  fcsr == 0x0 and rm_val == 7  and rs1_nan_prefix == 0xffff
      and rs2_nan_prefix == 0xffff  #nosat'
    : 1
    ? 'fs1 == 0 and fe1 == 0x1e and fm1 == 0x32f and fs2 == 1 and fe2 == 0x1e and
      fm2 == 0x3ff and  fcsr == 0x20 and rm_val == 7  and rs1_nan_prefix == 0xffff
      and rs2_nan_prefix == 0xffff  #nosat'
    : 1
    ? 'fs1 == 0 and fe1 == 0x1e and fm1 == 0x32f and fs2 == 1 and fe2 == 0x1e and
      fm2 == 0x3ff and  fcsr == 0x40 and rm_val == 7  and rs1_nan_prefix == 0xffff
      and rs2_nan_prefix == 0xffff  #nosat'
    : 1
    ? 'fs1 == 0 and fe1 == 0x1e and fm1 == 0x32f and fs2 == 1 and fe2 == 0x1e and
      fm2 == 0x3ff and  fcsr == 0x60 and rm_val == 7  and rs1_nan_prefix == 0xffff
      and rs2_nan_prefix == 0xffff  #nosat'
    : 1
    ? 'fs1 == 0 and fe1 == 0x1e and fm1 == 0x32f and fs2 == 1 and fe2 == 0x1e and
      fm2 == 0x3ff and  fcsr == 0x80 and rm_val == 7  and rs1_nan_prefix == 0xffff
      and rs2_nan_prefix == 0xffff  #nosat'
    : 1
    ? 'fs1 == 0 and fe1 == 0x1d and fm1 == 0x38c and fs2 == 0 and fe2 == 0x1e and
      fm2 == 0x038 and  fcsr == 0x0 and rm_val == 7  and rs1_nan_prefix == 0xffff
      and rs2_nan_prefix == 0xffff  #nosat'
    : 1
    ? 'fs1 == 0 and fe1 == 0x1d and fm1 == 0x38c and fs2 == 0 and fe2 == 0x1e and
      fm2 == 0x038 and  fcsr == 0x20 and rm_val == 7  and rs1_nan_prefix == 0xffff
      and rs2_nan_prefix == 0xffff  #nosat'
    : 1
    ? 'fs1 == 0 and fe1 == 0x1d and fm1 == 0x38c and fs2 == 0 and fe2 == 0x1e and
      fm2 == 0x038 and  fcsr == 0x40 and rm_val == 7  and rs1_nan_prefix == 0xffff
      and rs2_nan_prefix == 0xffff  #nosat'
    : 1
    ? 'fs1 == 0 and fe1 == 0x1d and fm1 == 0x38c and fs2 == 0 and fe2 == 0x1e and
      fm2 == 0x038 and  fcsr == 0x60 and rm_val == 7  and rs1_nan_prefix == 0xffff
      and rs2_nan_prefix == 0xffff  #nosat'
    : 1
    ? 'fs1 == 0 and fe1 == 0x1d and fm1 == 0x38c and fs2 == 0 and fe2 == 0x1e and
      fm2 == 0x038 and  fcsr == 0x80 and rm_val == 7  and rs1_nan_prefix == 0xffff
      and rs2_nan_prefix == 0xffff  #nosat'
    : 1
    ? 'fs1 == 0 and fe1 == 0x1d and fm1 == 0x2f1 and fs2 == 1 and fe2 == 0x1e and
      fm2 == 0x3ff and  fcsr == 0x0 and rm_val == 7  and rs1_nan_prefix == 0xffff
      and rs2_nan_prefix == 0xffff  #nosat'
    : 1
    ? 'fs1 == 0 and fe1 == 0x1d and fm1 == 0x2f1 and fs2 == 1 and fe2 == 0x1e and
      fm2 == 0x3ff and  fcsr == 0x20 and rm_val == 7  and rs1_nan_prefix == 0xffff
      and rs2_nan_prefix == 0xffff  #nosat'
    : 1
    ? 'fs1 == 0 and fe1 == 0x1d and fm1 == 0x2f1 and fs2 == 1 and fe2 == 0x1e and
      fm2 == 0x3ff and  fcsr == 0x40 and rm_val == 7  and rs1_nan_prefix == 0xffff
      and rs2_nan_prefix == 0xffff  #nosat'
    : 1
    ? 'fs1 == 0 and fe1 == 0x1d and fm1 == 0x2f1 and fs2 == 1 and fe2 == 0x1e and
      fm2 == 0x3ff and  fcsr == 0x60 and rm_val == 7  and rs1_nan_prefix == 0xffff
      and rs2_nan_prefix == 0xffff  #nosat'
    : 1
    ? 'fs1 == 0 and fe1 == 0x1d and fm1 == 0x2f1 and fs2 == 1 and fe2 == 0x1e and
      fm2 == 0x3ff and  fcsr == 0x80 and rm_val == 7  and rs1_nan_prefix == 0xffff
      and rs2_nan_prefix == 0xffff  #nosat'
    : 1
    ? 'fs1 == 0 and fe1 == 0x1e and fm1 == 0x34c and fs2 == 1 and fe2 == 0x1e and
      fm2 == 0x24d and  fcsr == 0x0 and rm_val == 7  and rs1_nan_prefix == 0xffff
      and rs2_nan_prefix == 0xffff  #nosat'
    : 1
    ? 'fs1 == 0 and fe1 == 0x1e and fm1 == 0x34c and fs2 == 1 and fe2 == 0x1e and
      fm2 == 0x24d and  fcsr == 0x20 and rm_val == 7  and rs1_nan_prefix == 0xffff
      and rs2_nan_prefix == 0xffff  #nosat'
    : 1
    ? 'fs1 == 0 and fe1 == 0x1e and fm1 == 0x34c and fs2 == 1 and fe2 == 0x1e and
      fm2 == 0x24d and  fcsr == 0x40 and rm_val == 7  and rs1_nan_prefix == 0xffff
      and rs2_nan_prefix == 0xffff  #nosat'
    : 1
    ? 'fs1 == 0 and fe1 == 0x1e and fm1 == 0x34c and fs2 == 1 and fe2 == 0x1e and
      fm2 == 0x24d and  fcsr == 0x60 and rm_val == 7  and rs1_nan_prefix == 0xffff
      and rs2_nan_prefix == 0xffff  #nosat'
    : 1
    ? 'fs1 == 0 and fe1 == 0x1e and fm1 == 0x34c and fs2 == 1 and fe2 == 0x1e and
      fm2 == 0x24d and  fcsr == 0x80 and rm_val == 7  and rs1_nan_prefix == 0xffff
      and rs2_nan_prefix == 0xffff  #nosat'
    : 1
    ? 'fs1 == 0 and fe1 == 0x1d and fm1 == 0x3a0 and fs2 == 1 and fe2 == 0x1e and
      fm2 == 0x0d0 and  fcsr == 0x0 and rm_val == 7  and rs1_nan_prefix == 0xffff
      and rs2_nan_prefix == 0xffff  #nosat'
    : 1
    ? 'fs1 == 0 and fe1 == 0x1d and fm1 == 0x3a0 and fs2 == 1 and fe2 == 0x1e and
      fm2 == 0x0d0 and  fcsr == 0x20 and rm_val == 7  and rs1_nan_prefix == 0xffff
      and rs2_nan_prefix == 0xffff  #nosat'
    : 1
    ? 'fs1 == 0 and fe1 == 0x1d and fm1 == 0x3a0 and fs2 == 1 and fe2 == 0x1e and
      fm2 == 0x0d0 and  fcsr == 0x40 and rm_val == 7  and rs1_nan_prefix == 0xffff
      and rs2_nan_prefix == 0xffff  #nosat'
    : 1
    ? 'fs1 == 0 and fe1 == 0x1d and fm1 == 0x3a0 and fs2 == 1 and fe2 == 0x1e and
      fm2 == 0x0d0 and  fcsr == 0x60 and rm_val == 7  and rs1_nan_prefix == 0xffff
      and rs2_nan_prefix == 0xffff  #nosat'
    : 1
    ? 'fs1 == 0 and fe1 == 0x1d and fm1 == 0x3a0 and fs2 == 1 and fe2 == 0x1e and
      fm2 == 0x0d0 and  fcsr == 0x80 and rm_val == 7  and rs1_nan_prefix == 0xffff
      and rs2_nan_prefix == 0xffff  #nosat'
    : 1
    ? 'fs1 == 0 and fe1 == 0x1d and fm1 == 0x02a and fs2 == 1 and fe2 == 0x18 and
      fm2 == 0x160 and  fcsr == 0x0 and rm_val == 7  and rs1_nan_prefix == 0xffff
      and rs2_nan_prefix == 0xffff  #nosat'
    : 1
    ? 'fs1 == 0 and fe1 == 0x1d and fm1 == 0x02a and fs2 == 1 and fe2 == 0x18 and
      fm2 == 0x160 and  fcsr == 0x20 and rm_val == 7  and rs1_nan_prefix == 0xffff
      and rs2_nan_prefix == 0xffff  #nosat'
    : 1
    ? 'fs1 == 0 and fe1 == 0x1d and fm1 == 0x02a and fs2 == 1 and fe2 == 0x18 and
      fm2 == 0x160 and  fcsr == 0x40 and rm_val == 7  and rs1_nan_prefix == 0xffff
      and rs2_nan_prefix == 0xffff  #nosat'
    : 1
    ? 'fs1 == 0 and fe1 == 0x1d and fm1 == 0x02a and fs2 == 1 and fe2 == 0x18 and
      fm2 == 0x160 and  fcsr == 0x60 and rm_val == 7  and rs1_nan_prefix == 0xffff
      and rs2_nan_prefix == 0xffff  #nosat'
    : 1
    ? 'fs1 == 0 and fe1 == 0x1d and fm1 == 0x02a and fs2 == 1 and fe2 == 0x18 and
      fm2 == 0x160 and  fcsr == 0x80 and rm_val == 7  and rs1_nan_prefix == 0xffff
      and rs2_nan_prefix == 0xffff  #nosat'
    : 1
    ? 'fs1 == 0 and fe1 == 0x1e and fm1 == 0x063 and fs2 == 1 and fe2 == 0x1e and
      fm2 == 0x262 and  fcsr == 0x0 and rm_val == 7  and rs1_nan_prefix == 0xffff
      and rs2_nan_prefix == 0xffff  #nosat'
    : 1
    ? 'fs1 == 0 and fe1 == 0x1e and fm1 == 0x063 and fs2 == 1 and fe2 == 0x1e and
      fm2 == 0x262 and  fcsr == 0x20 and rm_val == 7  and rs1_nan_prefix == 0xffff
      and rs2_nan_prefix == 0xffff  #nosat'
    : 1
    ? 'fs1 == 0 and fe1 == 0x1e and fm1 == 0x063 and fs2 == 1 and fe2 == 0x1e and
      fm2 == 0x262 and  fcsr == 0x40 and rm_val == 7  and rs1_nan_prefix == 0xffff
      and rs2_nan_prefix == 0xffff  #nosat'
    : 1
    ? 'fs1 == 0 and fe1 == 0x1e and fm1 == 0x063 and fs2 == 1 and fe2 == 0x1e and
      fm2 == 0x262 and  fcsr == 0x60 and rm_val == 7  and rs1_nan_prefix == 0xffff
      and rs2_nan_prefix == 0xffff  #nosat'
    : 1
    ? 'fs1 == 0 and fe1 == 0x1e and fm1 == 0x063 and fs2 == 1 and fe2 == 0x1e and
      fm2 == 0x262 and  fcsr == 0x80 and rm_val == 7  and rs1_nan_prefix == 0xffff
      and rs2_nan_prefix == 0xffff  #nosat'
    : 1
    ? 'fs1 == 0 and fe1 == 0x1e and fm1 == 0x1c1 and fs2 == 1 and fe2 == 0x1c and
      fm2 == 0x306 and  fcsr == 0x0 and rm_val == 7  and rs1_nan_prefix == 0xffff
      and rs2_nan_prefix == 0xffff  #nosat'
    : 1
    ? 'fs1 == 0 and fe1 == 0x1e and fm1 == 0x1c1 and fs2 == 1 and fe2 == 0x1c and
      fm2 == 0x306 and  fcsr == 0x20 and rm_val == 7  and rs1_nan_prefix == 0xffff
      and rs2_nan_prefix == 0xffff  #nosat'
    : 1
    ? 'fs1 == 0 and fe1 == 0x1e and fm1 == 0x1c1 and fs2 == 1 and fe2 == 0x1c and
      fm2 == 0x306 and  fcsr == 0x40 and rm_val == 7  and rs1_nan_prefix == 0xffff
      and rs2_nan_prefix == 0xffff  #nosat'
    : 1
    ? 'fs1 == 0 and fe1 == 0x1e and fm1 == 0x1c1 and fs2 == 1 and fe2 == 0x1c and
      fm2 == 0x306 and  fcsr == 0x60 and rm_val == 7  and rs1_nan_prefix == 0xffff
      and rs2_nan_prefix == 0xffff  #nosat'
    : 1
    ? 'fs1 == 0 and fe1 == 0x1e and fm1 == 0x1c1 and fs2 == 1 and fe2 == 0x1c and
      fm2 == 0x306 and  fcsr == 0x80 and rm_val == 7  and rs1_nan_prefix == 0xffff
      and rs2_nan_prefix == 0xffff  #nosat'
    : 1
    ? 'fs1 == 0 and fe1 == 0x1e and fm1 == 0x298 and fs2 == 1 and fe2 == 0x1e and
      fm2 == 0x3ff and  fcsr == 0x0 and rm_val == 7  and rs1_nan_prefix == 0xffff
      and rs2_nan_prefix == 0xffff  #nosat'
    : 1
    ? 'fs1 == 0 and fe1 == 0x1e and fm1 == 0x298 and fs2 == 1 and fe2 == 0x1e and
      fm2 == 0x3ff and  fcsr == 0x20 and rm_val == 7  and rs1_nan_prefix == 0xffff
      and rs2_nan_prefix == 0xffff  #nosat'
    : 1
    ? 'fs1 == 0 and fe1 == 0x1e and fm1 == 0x298 and fs2 == 1 and fe2 == 0x1e and
      fm2 == 0x3ff and  fcsr == 0x40 and rm_val == 7  and rs1_nan_prefix == 0xffff
      and rs2_nan_prefix == 0xffff  #nosat'
    : 1
    ? 'fs1 == 0 and fe1 == 0x1e and fm1 == 0x298 and fs2 == 1 and fe2 == 0x1e and
      fm2 == 0x3ff and  fcsr == 0x60 and rm_val == 7  and rs1_nan_prefix == 0xffff
      and rs2_nan_prefix == 0xffff  #nosat'
    : 1
    ? 'fs1 == 0 and fe1 == 0x1e and fm1 == 0x298 and fs2 == 1 and fe2 == 0x1e and
      fm2 == 0x3ff and  fcsr == 0x80 and rm_val == 7  and rs1_nan_prefix == 0xffff
      and rs2_nan_prefix == 0xffff  #nosat'
    : 1
    ? 'fs1 == 0 and fe1 == 0x15 and fm1 == 0x0bd and fs2 == 0 and fe2 == 0x1e and
      fm2 == 0x3fc and  fcsr == 0x0 and rm_val == 7  and rs1_nan_prefix == 0xffff
      and rs2_nan_prefix == 0xffff  #nosat'
    : 1
    ? 'fs1 == 0 and fe1 == 0x15 and fm1 == 0x0bd and fs2 == 0 and fe2 == 0x1e and
      fm2 == 0x3fc and  fcsr == 0x20 and rm_val == 7  and rs1_nan_prefix == 0xffff
      and rs2_nan_prefix == 0xffff  #nosat'
    : 1
    ? 'fs1 == 0 and fe1 == 0x15 and fm1 == 0x0bd and fs2 == 0 and fe2 == 0x1e and
      fm2 == 0x3fc and  fcsr == 0x40 and rm_val == 7  and rs1_nan_prefix == 0xffff
      and rs2_nan_prefix == 0xffff  #nosat'
    : 1
    ? 'fs1 == 0 and fe1 == 0x15 and fm1 == 0x0bd and fs2 == 0 and fe2 == 0x1e and
      fm2 == 0x3fc and  fcsr == 0x60 and rm_val == 7  and rs1_nan_prefix == 0xffff
      and rs2_nan_prefix == 0xffff  #nosat'
    : 1
    ? 'fs1 == 0 and fe1 == 0x15 and fm1 == 0x0bd and fs2 == 0 and fe2 == 0x1e and
      fm2 == 0x3fc and  fcsr == 0x80 and rm_val == 7  and rs1_nan_prefix == 0xffff
      and rs2_nan_prefix == 0xffff  #nosat'
    : 1
    ? 'fs1 == 0 and fe1 == 0x1e and fm1 == 0x2ef and fs2 == 1 and fe2 == 0x1e and
      fm2 == 0x3ff and  fcsr == 0x0 and rm_val == 7  and rs1_nan_prefix == 0xffff
      and rs2_nan_prefix == 0xffff  #nosat'
    : 1
    ? 'fs1 == 0 and fe1 == 0x1e and fm1 == 0x2ef and fs2 == 1 and fe2 == 0x1e and
      fm2 == 0x3ff and  fcsr == 0x20 and rm_val == 7  and rs1_nan_prefix == 0xffff
      and rs2_nan_prefix == 0xffff  #nosat'
    : 1
    ? 'fs1 == 0 and fe1 == 0x1e and fm1 == 0x2ef and fs2 == 1 and fe2 == 0x1e and
      fm2 == 0x3ff and  fcsr == 0x40 and rm_val == 7  and rs1_nan_prefix == 0xffff
      and rs2_nan_prefix == 0xffff  #nosat'
    : 1
    ? 'fs1 == 0 and fe1 == 0x1e and fm1 == 0x2ef and fs2 == 1 and fe2 == 0x1e and
      fm2 == 0x3ff and  fcsr == 0x60 and rm_val == 7  and rs1_nan_prefix == 0xffff
      and rs2_nan_prefix == 0xffff  #nosat'
    : 1
    ? 'fs1 == 0 and fe1 == 0x1e and fm1 == 0x2ef and fs2 == 1 and fe2 == 0x1e and
      fm2 == 0x3ff and  fcsr == 0x80 and rm_val == 7  and rs1_nan_prefix == 0xffff
      and rs2_nan_prefix == 0xffff  #nosat'
    : 1
    ? 'fs1 == 0 and fe1 == 0x1d and fm1 == 0x133 and fs2 == 0 and fe2 == 0x1e and
      fm2 == 0x3ff and  fcsr == 0x0 and rm_val == 7  and rs1_nan_prefix == 0xffff
      and rs2_nan_prefix == 0xffff  #nosat'
    : 1
    ? 'fs1 == 0 and fe1 == 0x1d and fm1 == 0x133 and fs2 == 0 and fe2 == 0x1e and
      fm2 == 0x3ff and  fcsr == 0x20 and rm_val == 7  and rs1_nan_prefix == 0xffff
      and rs2_nan_prefix == 0xffff  #nosat'
    : 1
    ? 'fs1 == 0 and fe1 == 0x1d and fm1 == 0x133 and fs2 == 0 and fe2 == 0x1e and
      fm2 == 0x3ff and  fcsr == 0x40 and rm_val == 7  and rs1_nan_prefix == 0xffff
      and rs2_nan_prefix == 0xffff  #nosat'
    : 1
    ? 'fs1 == 0 and fe1 == 0x1d and fm1 == 0x133 and fs2 == 0 and fe2 == 0x1e and
      fm2 == 0x3ff and  fcsr == 0x60 and rm_val == 7  and rs1_nan_prefix == 0xffff
      and rs2_nan_prefix == 0xffff  #nosat'
    : 1
    ? 'fs1 == 0 and fe1 == 0x1d and fm1 == 0x133 and fs2 == 0 and fe2 == 0x1e and
      fm2 == 0x3ff and  fcsr == 0x80 and rm_val == 7  and rs1_nan_prefix == 0xffff
      and rs2_nan_prefix == 0xffff  #nosat'
    : 1
    ? 'fs1 == 0 and fe1 == 0x1c and fm1 == 0x21c and fs2 == 1 and fe2 == 0x1e and
      fm2 == 0x3ff and  fcsr == 0x0 and rm_val == 7  and rs1_nan_prefix == 0xffff
      and rs2_nan_prefix == 0xffff  #nosat'
    : 1
    ? 'fs1 == 0 and fe1 == 0x1c and fm1 == 0x21c and fs2 == 1 and fe2 == 0x1e and
      fm2 == 0x3ff and  fcsr == 0x20 and rm_val == 7  and rs1_nan_prefix == 0xffff
      and rs2_nan_prefix == 0xffff  #nosat'
    : 1
    ? 'fs1 == 0 and fe1 == 0x1c and fm1 == 0x21c and fs2 == 1 and fe2 == 0x1e and
      fm2 == 0x3ff and  fcsr == 0x40 and rm_val == 7  and rs1_nan_prefix == 0xffff
      and rs2_nan_prefix == 0xffff  #nosat'
    : 1
    ? 'fs1 == 0 and fe1 == 0x1c and fm1 == 0x21c and fs2 == 1 and fe2 == 0x1e and
      fm2 == 0x3ff and  fcsr == 0x60 and rm_val == 7  and rs1_nan_prefix == 0xffff
      and rs2_nan_prefix == 0xffff  #nosat'
    : 1
    ? 'fs1 == 0 and fe1 == 0x1c and fm1 == 0x21c and fs2 == 1 and fe2 == 0x1e and
      fm2 == 0x3ff and  fcsr == 0x80 and rm_val == 7  and rs1_nan_prefix == 0xffff
      and rs2_nan_prefix == 0xffff  #nosat'
    : 1
    ? 'fs1 == 0 and fe1 == 0x1c and fm1 == 0x3a1 and fs2 == 0 and fe2 == 0x1e and
      fm2 == 0x3ff and  fcsr == 0x0 and rm_val == 7  and rs1_nan_prefix == 0xffff
      and rs2_nan_prefix == 0xffff  #nosat'
    : 1
    ? 'fs1 == 0 and fe1 == 0x1c and fm1 == 0x3a1 and fs2 == 0 and fe2 == 0x1e and
      fm2 == 0x3ff and  fcsr == 0x20 and rm_val == 7  and rs1_nan_prefix == 0xffff
      and rs2_nan_prefix == 0xffff  #nosat'
    : 1
    ? 'fs1 == 0 and fe1 == 0x1c and fm1 == 0x3a1 and fs2 == 0 and fe2 == 0x1e and
      fm2 == 0x3ff and  fcsr == 0x40 and rm_val == 7  and rs1_nan_prefix == 0xffff
      and rs2_nan_prefix == 0xffff  #nosat'
    : 1
    ? 'fs1 == 0 and fe1 == 0x1c and fm1 == 0x3a1 and fs2 == 0 and fe2 == 0x1e and
      fm2 == 0x3ff and  fcsr == 0x60 and rm_val == 7  and rs1_nan_prefix == 0xffff
      and rs2_nan_prefix == 0xffff  #nosat'
    : 1
    ? 'fs1 == 0 and fe1 == 0x1c and fm1 == 0x3a1 and fs2 == 0 and fe2 == 0x1e and
      fm2 == 0x3ff and  fcsr == 0x80 and rm_val == 7  and rs1_nan_prefix == 0xffff
      and rs2_nan_prefix == 0xffff  #nosat'
    : 1
    ? 'fs1 == 0 and fe1 == 0x1e and fm1 == 0x26c and fs2 == 1 and fe2 == 0x1e and
      fm2 == 0x3ff and  fcsr == 0x0 and rm_val == 7  and rs1_nan_prefix == 0xffff
      and rs2_nan_prefix == 0xffff  #nosat'
    : 1
    ? 'fs1 == 0 and fe1 == 0x1e and fm1 == 0x26c and fs2 == 1 and fe2 == 0x1e and
      fm2 == 0x3ff and  fcsr == 0x20 and rm_val == 7  and rs1_nan_prefix == 0xffff
      and rs2_nan_prefix == 0xffff  #nosat'
    : 1
    ? 'fs1 == 0 and fe1 == 0x1e and fm1 == 0x26c and fs2 == 1 and fe2 == 0x1e and
      fm2 == 0x3ff and  fcsr == 0x40 and rm_val == 7  and rs1_nan_prefix == 0xffff
      and rs2_nan_prefix == 0xffff  #nosat'
    : 1
    ? 'fs1 == 0 and fe1 == 0x1e and fm1 == 0x26c and fs2 == 1 and fe2 == 0x1e and
      fm2 == 0x3ff and  fcsr == 0x60 and rm_val == 7  and rs1_nan_prefix == 0xffff
      and rs2_nan_prefix == 0xffff  #nosat'
    : 1
    ? 'fs1 == 0 and fe1 == 0x1e and fm1 == 0x26c and fs2 == 1 and fe2 == 0x1e and
      fm2 == 0x3ff and  fcsr == 0x80 and rm_val == 7  and rs1_nan_prefix == 0xffff
      and rs2_nan_prefix == 0xffff  #nosat'
    : 1
    ? 'fs1 == 0 and fe1 == 0x1b and fm1 == 0x125 and fs2 == 0 and fe2 == 0x1e and
      fm2 == 0x3ff and  fcsr == 0x0 and rm_val == 7  and rs1_nan_prefix == 0xffff
      and rs2_nan_prefix == 0xffff  #nosat'
    : 1
    ? 'fs1 == 0 and fe1 == 0x1b and fm1 == 0x125 and fs2 == 0 and fe2 == 0x1e and
      fm2 == 0x3ff and  fcsr == 0x20 and rm_val == 7  and rs1_nan_prefix == 0xffff
      and rs2_nan_prefix == 0xffff  #nosat'
    : 1
    ? 'fs1 == 0 and fe1 == 0x1b and fm1 == 0x125 and fs2 == 0 and fe2 == 0x1e and
      fm2 == 0x3ff and  fcsr == 0x40 and rm_val == 7  and rs1_nan_prefix == 0xffff
      and rs2_nan_prefix == 0xffff  #nosat'
    : 1
    ? 'fs1 == 0 and fe1 == 0x1b and fm1 == 0x125 and fs2 == 0 and fe2 == 0x1e and
      fm2 == 0x3ff and  fcsr == 0x60 and rm_val == 7  and rs1_nan_prefix == 0xffff
      and rs2_nan_prefix == 0xffff  #nosat'
    : 1
    ? 'fs1 == 0 and fe1 == 0x1b and fm1 == 0x125 and fs2 == 0 and fe2 == 0x1e and
      fm2 == 0x3ff and  fcsr == 0x80 and rm_val == 7  and rs1_nan_prefix == 0xffff
      and rs2_nan_prefix == 0xffff  #nosat'
    : 1
    ? 'fs1 == 0 and fe1 == 0x1e and fm1 == 0x00f and fs2 == 1 and fe2 == 0x1e and
      fm2 == 0x3ff and  fcsr == 0x0 and rm_val == 7  and rs1_nan_prefix == 0xffff
      and rs2_nan_prefix == 0xffff  #nosat'
    : 1
    ? 'fs1 == 0 and fe1 == 0x1e and fm1 == 0x00f and fs2 == 1 and fe2 == 0x1e and
      fm2 == 0x3ff and  fcsr == 0x20 and rm_val == 7  and rs1_nan_prefix == 0xffff
      and rs2_nan_prefix == 0xffff  #nosat'
    : 1
    ? 'fs1 == 0 and fe1 == 0x1e and fm1 == 0x00f and fs2 == 1 and fe2 == 0x1e and
      fm2 == 0x3ff and  fcsr == 0x40 and rm_val == 7  and rs1_nan_prefix == 0xffff
      and rs2_nan_prefix == 0xffff  #nosat'
    : 1
    ? 'fs1 == 0 and fe1 == 0x1e and fm1 == 0x00f and fs2 == 1 and fe2 == 0x1e and
      fm2 == 0x3ff and  fcsr == 0x60 and rm_val == 7  and rs1_nan_prefix == 0xffff
      and rs2_nan_prefix == 0xffff  #nosat'
    : 1
    ? 'fs1 == 0 and fe1 == 0x1e and fm1 == 0x00f and fs2 == 1 and fe2 == 0x1e and
      fm2 == 0x3ff and  fcsr == 0x80 and rm_val == 7  and rs1_nan_prefix == 0xffff
      and rs2_nan_prefix == 0xffff  #nosat'
    : 1
    coverage: 140/140
  total_coverage: 242/242
